Archive member included to satisfy reference by file (symbol)

app/libapp.a(main.c.obj)      (--whole-archive)
app/libapp.a(cab.c.obj)       (--whole-archive)
zephyr/libzephyr.a(cbprintf.c.obj)
                              (--whole-archive)
zephyr/libzephyr.a(cbprintf_packaged.c.obj)
                              (--whole-archive)
zephyr/libzephyr.a(crc32c_sw.c.obj)
                              (--whole-archive)
zephyr/libzephyr.a(crc32_sw.c.obj)
                              (--whole-archive)
zephyr/libzephyr.a(crc16_sw.c.obj)
                              (--whole-archive)
zephyr/libzephyr.a(crc8_sw.c.obj)
                              (--whole-archive)
zephyr/libzephyr.a(crc7_sw.c.obj)
                              (--whole-archive)
zephyr/libzephyr.a(dec.c.obj)
                              (--whole-archive)
zephyr/libzephyr.a(fdtable.c.obj)
                              (--whole-archive)
zephyr/libzephyr.a(hex.c.obj)
                              (--whole-archive)
zephyr/libzephyr.a(notify.c.obj)
                              (--whole-archive)
zephyr/libzephyr.a(printk.c.obj)
                              (--whole-archive)
zephyr/libzephyr.a(onoff.c.obj)
                              (--whole-archive)
zephyr/libzephyr.a(rb.c.obj)  (--whole-archive)
zephyr/libzephyr.a(sem.c.obj)
                              (--whole-archive)
zephyr/libzephyr.a(thread_entry.c.obj)
                              (--whole-archive)
zephyr/libzephyr.a(timeutil.c.obj)
                              (--whole-archive)
zephyr/libzephyr.a(heap.c.obj)
                              (--whole-archive)
zephyr/libzephyr.a(heap-validate.c.obj)
                              (--whole-archive)
zephyr/libzephyr.a(bitarray.c.obj)
                              (--whole-archive)
zephyr/libzephyr.a(multi_heap.c.obj)
                              (--whole-archive)
zephyr/libzephyr.a(cbprintf_complete.c.obj)
                              (--whole-archive)
zephyr/libzephyr.a(assert.c.obj)
                              (--whole-archive)
zephyr/libzephyr.a(mpsc_pbuf.c.obj)
                              (--whole-archive)
zephyr/libzephyr.a(reboot.c.obj)
                              (--whole-archive)
zephyr/libzephyr.a(configs.c.obj)
                              (--whole-archive)
zephyr/libzephyr.a(soc_nrf_common.S.obj)
                              (--whole-archive)
zephyr/libzephyr.a(validate_base_addresses.c.obj)
                              (--whole-archive)
zephyr/libzephyr.a(validate_enabled_instances.c.obj)
                              (--whole-archive)
zephyr/libzephyr.a(log_list.c.obj)
                              (--whole-archive)
zephyr/libzephyr.a(log_core.c.obj)
                              (--whole-archive)
zephyr/libzephyr.a(log_mgmt.c.obj)
                              (--whole-archive)
zephyr/libzephyr.a(log_msg.c.obj)
                              (--whole-archive)
zephyr/libzephyr.a(log_output.c.obj)
                              (--whole-archive)
zephyr/libzephyr.a(log_msg2.c.obj)
                              (--whole-archive)
zephyr/libzephyr.a(log_backend_uart.c.obj)
                              (--whole-archive)
zephyr/libzephyr.a(log_backend_rtt.c.obj)
                              (--whole-archive)
zephyr/libzephyr.a(pm.c.obj)  (--whole-archive)
zephyr/libzephyr.a(policy.c.obj)
                              (--whole-archive)
zephyr/libzephyr.a(state.c.obj)
                              (--whole-archive)
zephyr/libzephyr.a(tracing_none.c.obj)
                              (--whole-archive)
zephyr/libzephyr.a(nrf_cc3xx_platform_abort_zephyr.c.obj)
                              (--whole-archive)
zephyr/libzephyr.a(nrf_cc3xx_platform_mutex_zephyr.c.obj)
                              (--whole-archive)
zephyr/arch/common/libarch__common.a(sw_isr_common.c.obj)
                              (--whole-archive)
zephyr/arch/arch/arm/core/aarch32/libarch__arm__core__aarch32.a(cpu_idle.S.obj)
                              (--whole-archive)
zephyr/arch/arch/arm/core/aarch32/libarch__arm__core__aarch32.a(fatal.c.obj)
                              (--whole-archive)
zephyr/arch/arch/arm/core/aarch32/libarch__arm__core__aarch32.a(irq_manage.c.obj)
                              (--whole-archive)
zephyr/arch/arch/arm/core/aarch32/libarch__arm__core__aarch32.a(nmi.c.obj)
                              (--whole-archive)
zephyr/arch/arch/arm/core/aarch32/libarch__arm__core__aarch32.a(nmi_on_reset.S.obj)
                              (--whole-archive)
zephyr/arch/arch/arm/core/aarch32/libarch__arm__core__aarch32.a(prep_c.c.obj)
                              (--whole-archive)
zephyr/arch/arch/arm/core/aarch32/libarch__arm__core__aarch32.a(swap.c.obj)
                              (--whole-archive)
zephyr/arch/arch/arm/core/aarch32/libarch__arm__core__aarch32.a(swap_helper.S.obj)
                              (--whole-archive)
zephyr/arch/arch/arm/core/aarch32/libarch__arm__core__aarch32.a(thread.c.obj)
[...]
Memory Configuration

Name             Origin             Length             Attributes
FLASH            0x0000000000000000 0x0000000000100000 xr
SRAM             0x0000000020000000 0x0000000000040000 xw
IDT_LIST         0x00000000fffff7ff 0x0000000000000800 xw
*default*        0x0000000000000000 0xffffffffffffffff

Linker script and memory map

LOAD zephyr/CMakeFiles/zephyr_final.dir/misc/empty_file.c.obj
LOAD zephyr/CMakeFiles/zephyr_final.dir/dev_handles.c.obj
LOAD zephyr/CMakeFiles/zephyr_final.dir/isr_tables.c.obj
LOAD zephyr/CMakeFiles/offsets.dir/./arch/arm/core/offsets/offsets.c.obj
                0x0000000000000020                _region_min_align = 0x20

.rel.plt        0x0000000000000000        0x0
 *(SORT_BY_ALIGNMENT(.rel.plt))
                [!provide]                        PROVIDE (__rel_iplt_start = .)
 *(SORT_BY_ALIGNMENT(.rel.iplt))
 .rel.iplt      0x0000000000000000        0x0 zephyr/CMakeFiles/zephyr_final.dir/isr_tables.c.obj
                [!provide]                        PROVIDE (__rel_iplt_end = .)

.rela.plt       0x0000000000000000        0x0
 *(SORT_BY_ALIGNMENT(.rela.plt))
                [!provide]                        PROVIDE (__rela_iplt_start = .)
 *(SORT_BY_ALIGNMENT(.rela.iplt))
                [!provide]                        PROVIDE (__rela_iplt_end = .)

.rel.dyn
 *(SORT_BY_ALIGNMENT(.rel.*))

.rela.dyn
 *(SORT_BY_ALIGNMENT(.rela.*))

/DISCARD/
 *(SORT_BY_ALIGNMENT(.plt))
 *(SORT_BY_ALIGNMENT(.iplt))
 *(SORT_BY_ALIGNMENT(.got.plt))
 *(SORT_BY_ALIGNMENT(.igot.plt))
 *(SORT_BY_ALIGNMENT(.got))
 *(SORT_BY_ALIGNMENT(.igot))
 *(SORT_BY_ALIGNMENT(.irq_info*))
 *(SORT_BY_ALIGNMENT(.intList*))
 *(SORT_BY_ALIGNMENT(.note.GNU-stack))
                0x0000000000000000                __rom_region_start = 0x0

rom_start       0x0000000000000000      0x100
                0x0000000000000000                . = 0x0
                0x0000000000000000                . = ALIGN (0x4)
                0x0000000000000000                . = ALIGN (0x80)
                0x0000000000000000                . = ALIGN (0x100)
                0x0000000000000000                _vector_start = .
 *(SORT_BY_ALIGNMENT(.exc_vector_table))
 *(SORT_BY_ALIGNMENT(.exc_vector_table.*))
 .exc_vector_table._vector_table_section
                0x0000000000000000       0x40 zephyr/arch/arch/arm/core/aarch32/cortex_m/libarch__arm__core__aarch32__cortex_m.a(vector_table.S.obj)
                0x0000000000000000                _vector_table
 *(SORT_BY_ALIGNMENT(.gnu.linkonce.irq_vector_table*))
 .gnu.linkonce.irq_vector_table
                0x0000000000000040       0xc0 zephyr/CMakeFiles/zephyr_final.dir/isr_tables.c.obj
                0x0000000000000040                _irq_vector_table
 *(SORT_BY_ALIGNMENT(.vectors))
                0x0000000000000100                _vector_end = .

text            0x0000000000000100     0xe00c
                0x0000000000000100                __text_region_start = .
 *(SORT_BY_ALIGNMENT(.text))
 .text          0x0000000000000100       0xa0 /home/rt/zephyr-sdk-0.14.1/arm-zephyr-eabi/arm-zephyr-eabi/lib/thumb/v7e-m/nofp/libc_nano.a(lib_a-memchr.o)
                0x0000000000000100                memchr
 .text          0x00000000000001a0      0x378 /home/rt/zephyr-sdk-0.14.1/arm-zephyr-eabi/bin/../lib/gcc/arm-zephyr-eabi/10.3.0/thumb/v7e-m/nofp/libgcc.a(_arm_addsubdf3.o)
                0x00000000000001a0                __aeabi_drsub
                0x00000000000001a8                __aeabi_dsub
                0x00000000000001a8                __subdf3
                0x00000000000001ac                __adddf3
                0x00000000000001ac                __aeabi_dadd
                0x0000000000000424                __aeabi_ui2d
                0x0000000000000424                __floatunsidf
                0x0000000000000444                __floatsidf
                0x0000000000000444                __aeabi_i2d
                0x0000000000000468                __extendsfdf2
                0x0000000000000468                __aeabi_f2d
                0x00000000000004ac                __aeabi_ul2d
                0x00000000000004ac                __floatundidf
                0x00000000000004bc                __floatdidf
                0x00000000000004bc                __aeabi_l2d
 .text          0x0000000000000518      0x424 /home/rt/zephyr-sdk-0.14.1/arm-zephyr-eabi/bin/../lib/gcc/arm-zephyr-eabi/10.3.0/thumb/v7e-m/nofp/libgcc.a(_arm_muldivdf3.o)
                0x0000000000000518                __aeabi_dmul
                0x0000000000000518                __muldf3
                0x000000000000076c                __aeabi_ddiv
                0x000000000000076c                __divdf3
 .text          0x000000000000093c       0xa0 /home/rt/zephyr-sdk-0.14.1/arm-zephyr-eabi/bin/../lib/gcc/arm-zephyr-eabi/10.3.0/thumb/v7e-m/nofp/libgcc.a(_arm_truncdfsf2.o)
                0x000000000000093c                __aeabi_d2f
                0x000000000000093c                __truncdfsf2
 .text          0x00000000000009dc       0xec /home/rt/zephyr-sdk-0.14.1/arm-zephyr-eabi/bin/../lib/gcc/arm-zephyr-eabi/10.3.0/thumb/v7e-m/nofp/libgcc.a(_arm_cmpsf2.o)
                0x00000000000009dc                __gtsf2
                0x00000000000009dc                __gesf2
                0x00000000000009e4                __lesf2
                0x00000000000009e4                __ltsf2
                0x00000000000009ec                __nesf2
                0x00000000000009ec                __eqsf2
                0x00000000000009ec                __cmpsf2
                0x0000000000000a4c                __aeabi_cfrcmple
                0x0000000000000a54                __aeabi_cfcmple
                0x0000000000000a54                __aeabi_cfcmpeq
                0x0000000000000a64                __aeabi_fcmpeq
                0x0000000000000a78                __aeabi_fcmplt
                0x0000000000000a8c                __aeabi_fcmple
                0x0000000000000aa0                __aeabi_fcmpge
                0x0000000000000ab4                __aeabi_fcmpgt
 .text          0x0000000000000ac8       0x30 /home/rt/zephyr-sdk-0.14.1/arm-zephyr-eabi/bin/../lib/gcc/arm-zephyr-eabi/10.3.0/thumb/v7e-m/nofp/libgcc.a(_aeabi_uldivmod.o)
                0x0000000000000ac8                __aeabi_uldivmod
 .text          0x0000000000000af8        0x4 /home/rt/zephyr-sdk-0.14.1/arm-zephyr-eabi/bin/../lib/gcc/arm-zephyr-eabi/10.3.0/thumb/v7e-m/nofp/libgcc.a(_dvmd_tls.o)
                0x0000000000000af8                __aeabi_ldiv0
                0x0000000000000af8                __aeabi_idiv0
 .text          0x0000000000000afc      0x110 /home/rt/zephyr-sdk-0.14.1/arm-zephyr-eabi/bin/../lib/gcc/arm-zephyr-eabi/10.3.0/thumb/v7e-m/nofp/libgcc.a(_arm_cmpdf2.o)
                0x0000000000000afc                __gtdf2
                0x0000000000000afc                __gedf2
                0x0000000000000b04                __ltdf2
                0x0000000000000b04                __ledf2
                0x0000000000000b0c                __cmpdf2
                0x0000000000000b0c                __eqdf2
                0x0000000000000b0c                __nedf2
                0x0000000000000b88                __aeabi_cdrcmple
                0x0000000000000b98                __aeabi_cdcmple
                0x0000000000000b98                __aeabi_cdcmpeq
                0x0000000000000ba8                __aeabi_dcmpeq
                0x0000000000000bbc                __aeabi_dcmplt
                0x0000000000000bd0                __aeabi_dcmple
                0x0000000000000be4                __aeabi_dcmpge
                0x0000000000000bf8                __aeabi_dcmpgt
 .text          0x0000000000000c0c       0x2c /home/rt/zephyr-sdk-0.14.1/arm-zephyr-eabi/bin/../lib/gcc/arm-zephyr-eabi/10.3.0/thumb/v7e-m/nofp/libgcc.a(_arm_unorddf2.o)
                0x0000000000000c0c                __aeabi_dcmpun
                0x0000000000000c0c                __unorddf2
 .text          0x0000000000000c38       0x50 /home/rt/zephyr-sdk-0.14.1/arm-zephyr-eabi/bin/../lib/gcc/arm-zephyr-eabi/10.3.0/thumb/v7e-m/nofp/libgcc.a(_arm_fixdfsi.o)
                0x0000000000000c38                __fixdfsi
                0x0000000000000c38                __aeabi_d2iz
 .text          0x0000000000000c88      0x2a6 /home/rt/zephyr-sdk-0.14.1/arm-zephyr-eabi/bin/../lib/gcc/arm-zephyr-eabi/10.3.0/thumb/v7e-m/nofp/libgcc.a(_udivmoddi4.o)
                0x0000000000000c88                __udivmoddi4
 .text          0x0000000000000f2e       0x14 /home/rt/zephyr-sdk-0.14.1/arm-zephyr-eabi/arm-zephyr-eabi/lib/thumb/v7e-m/nofp/libc_nano.a(lib_a-strcmp.o)
                0x0000000000000f2e                strcmp
 .text          0x0000000000000f42       0x10 /home/rt/zephyr-sdk-0.14.1/arm-zephyr-eabi/arm-zephyr-eabi/lib/thumb/v7e-m/nofp/libc_nano.a(lib_a-strlen.o)
                0x0000000000000f42                strlen
 *(SORT_BY_ALIGNMENT(.text.*))
 *fill*         0x0000000000000f52        0x6 
 .text.guideLineSearch
                0x0000000000000f58      0x11c app/libapp.a(main.c.obj)
                0x0000000000000f58                guideLineSearch
 *fill*         0x0000000000001074        0x4 
 .text.__ieee754_atan2
                0x0000000000001078      0x1a4 /home/rt/zephyr-sdk-0.14.1/arm-zephyr-eabi/arm-zephyr-eabi/lib/thumb/v7e-m/nofp/libm_nano.a(lib_a-e_atan2.o)
                0x0000000000001078                __ieee754_atan2
 *fill*         0x000000000000121c        0x4 
 .text.atan     0x0000000000001220      0x314 /home/rt/zephyr-sdk-0.14.1/arm-zephyr-eabi/arm-zephyr-eabi/lib/thumb/v7e-m/nofp/libm_nano.a(lib_a-s_atan.o)
                0x0000000000001220                atan
 *fill*         0x0000000000001534        0x4 
 .text._dtoa_r  0x0000000000001538      0xbdc /home/rt/zephyr-sdk-0.14.1/arm-zephyr-eabi/arm-zephyr-eabi/lib/thumb/v7e-m/nofp/libc_nano.a(lib_a-dtoa.o)
                0x0000000000001538                _dtoa_r
 .text.thread_D_code
                0x0000000000002114       0x98 app/libapp.a(main.c.obj)
                0x0000000000002114                thread_D_code
 .text.uart_cb  0x00000000000021ac       0x5c app/libapp.a(main.c.obj)
 .text.main     0x0000000000002208      0x20c app/libapp.a(main.c.obj)
                0x0000000000002208                main
 .text.thread_C_code
                0x0000000000002414       0xa4 app/libapp.a(main.c.obj)
                0x0000000000002414                thread_C_code
 .text.thread_A_code
                0x00000000000024b8       0xa0 app/libapp.a(main.c.obj)
                0x00000000000024b8                thread_A_code
 .text.thread_B_code
                0x0000000000002558       0xa0 app/libapp.a(main.c.obj)
                0x0000000000002558                thread_B_code
 .text.open_cab
                0x00000000000025f8       0xc8 app/libapp.a(cab.c.obj)
                0x00000000000025f8                open_cab
 .text.reserve  0x00000000000026c0       0x68 app/libapp.a(cab.c.obj)
                0x00000000000026c0                reserve
 .text.get_mes  0x0000000000002728       0x34 app/libapp.a(cab.c.obj)
                0x0000000000002728                get_mes
 .text.unget    0x000000000000275c       0x58 app/libapp.a(cab.c.obj)
                0x000000000000275c                unget
 .text.cbvprintf_package
                0x00000000000027b4      0x4f4 zephyr/libzephyr.a(cbprintf_packaged.c.obj)
                0x00000000000027b4                cbvprintf_package
 .text.sys_notify_finalize
                0x0000000000002ca8       0x40 zephyr/libzephyr.a(notify.c.obj)
                0x0000000000002ca8                sys_notify_finalize
 .text.__printk_hook_install
                0x0000000000002ce8        0xc zephyr/libzephyr.a(printk.c.obj)
                0x0000000000002ce8                __printk_hook_install
 .text.process_event
                0x0000000000002cf4      0x3dc zephyr/libzephyr.a(onoff.c.obj)
 .text.transition_complete
                0x00000000000030d0       0x64 zephyr/libzephyr.a(onoff.c.obj)
 .text.onoff_request
                0x0000000000003134      0x130 zephyr/libzephyr.a(onoff.c.obj)
                0x0000000000003134                onoff_request
 .text.sys_heap_init
                0x0000000000003264      0x12c zephyr/libzephyr.a(heap.c.obj)
                0x0000000000003264                sys_heap_init
 .text.extract_decimal
                0x0000000000003390       0x28 zephyr/libzephyr.a(cbprintf_complete.c.obj)
 .text.encode_uint
                0x00000000000033b8       0x98 zephyr/libzephyr.a(cbprintf_complete.c.obj)
 .text.cbvprintf
                0x0000000000003450      0x734 zephyr/libzephyr.a(cbprintf_complete.c.obj)
                0x0000000000003450                cbvprintf
 .text.sys_reboot
                0x0000000000003b84       0x28 zephyr/libzephyr.a(reboot.c.obj)
                0x0000000000003b84                sys_reboot
 .text.msg_process
                0x0000000000003bac       0x68 zephyr/libzephyr.a(log_core.c.obj)
 .text.log_format_func_t_get
                0x0000000000003c14        0xc zephyr/libzephyr.a(log_core.c.obj)
                0x0000000000003c14                log_format_func_t_get
 .text.log_core_init
                0x0000000000003c20       0x28 zephyr/libzephyr.a(log_core.c.obj)
                0x0000000000003c20                log_core_init
 .text.log_init
                0x0000000000003c48       0x80 zephyr/libzephyr.a(log_core.c.obj)
                0x0000000000003c48                log_init
 .text.z_impl_log_panic
                0x0000000000003cc8       0x40 zephyr/libzephyr.a(log_core.c.obj)
                0x0000000000003cc8                z_impl_log_panic
 .text.z_log_notify_backend_enabled
                0x0000000000003d08        0xc zephyr/libzephyr.a(log_core.c.obj)
                0x0000000000003d08                z_log_notify_backend_enabled
 .text.z_log_dropped
                0x0000000000003d14       0x3c zephyr/libzephyr.a(log_core.c.obj)
                0x0000000000003d14                z_log_dropped
 .text.z_log_msg2_commit
                0x0000000000003d50       0x1c zephyr/libzephyr.a(log_core.c.obj)
                0x0000000000003d50                z_log_msg2_commit
 .text.log_source_name_get
                0x0000000000003d6c       0x1c zephyr/libzephyr.a(log_mgmt.c.obj)
                0x0000000000003d6c                log_source_name_get
 .text.log_backend_enable
                0x0000000000003d88       0x54 zephyr/libzephyr.a(log_mgmt.c.obj)
                0x0000000000003d88                log_backend_enable
 .text.print_formatted
                0x0000000000003ddc       0x24 zephyr/libzephyr.a(log_output.c.obj)
 .text.prefix_print
                0x0000000000003e00      0x148 zephyr/libzephyr.a(log_output.c.obj)
 .text.hexdump_line_print
                0x0000000000003f48       0xe4 zephyr/libzephyr.a(log_output.c.obj)
 .text.postfix_print
                0x000000000000402c       0x3c zephyr/libzephyr.a(log_output.c.obj)
 .text.log_output_msg2_process
                0x0000000000004068       0xf0 zephyr/libzephyr.a(log_output.c.obj)
                0x0000000000004068                log_output_msg2_process
 .text.log_output_timestamp_freq_set
                0x0000000000004158       0x30 zephyr/libzephyr.a(log_output.c.obj)
                0x0000000000004158                log_output_timestamp_freq_set
 .text.z_impl_z_log_msg2_runtime_vcreate
                0x0000000000004188       0xd0 zephyr/libzephyr.a(log_msg2.c.obj)
                0x0000000000004188                z_impl_z_log_msg2_runtime_vcreate
 .text.char_out
                0x0000000000004258       0x24 zephyr/libzephyr.a(log_backend_uart.c.obj)
 .text.format_set
                0x000000000000427c        0xc zephyr/libzephyr.a(log_backend_uart.c.obj)
 .text.panic    0x0000000000004288       0x14 zephyr/libzephyr.a(log_backend_uart.c.obj)
 .text.process  0x000000000000429c       0x24 zephyr/libzephyr.a(log_backend_uart.c.obj)
 .text.log_backend_uart_init
                0x00000000000042c0       0x3c zephyr/libzephyr.a(log_backend_uart.c.obj)
 .text.log_backend_rtt_init
                0x00000000000042fc        0xc zephyr/libzephyr.a(log_backend_rtt.c.obj)
 .text.format_set
                0x0000000000004308        0xc zephyr/libzephyr.a(log_backend_rtt.c.obj)
 .text.panic    0x0000000000004314       0x14 zephyr/libzephyr.a(log_backend_rtt.c.obj)
 .text.process  0x0000000000004328       0x24 zephyr/libzephyr.a(log_backend_rtt.c.obj)
 .text.data_out_block_mode
                0x000000000000434c       0x70 zephyr/libzephyr.a(log_backend_rtt.c.obj)
 .text.pm_state_notify
                0x00000000000043bc       0xc8 zephyr/libzephyr.a(pm.c.obj)
 .text.atomic_clear_bit.constprop.0
                0x0000000000004484       0x30 zephyr/libzephyr.a(pm.c.obj)
 .text.pm_system_resume
                0x00000000000044b4       0x7c zephyr/libzephyr.a(pm.c.obj)
                0x00000000000044b4                pm_system_resume
 .text.pm_system_suspend
                0x0000000000004530       0xec zephyr/libzephyr.a(pm.c.obj)
                0x0000000000004530                pm_system_suspend
 .text.pm_policy_state_lock_is_active
                0x000000000000461c       0x1c zephyr/libzephyr.a(policy.c.obj)
                0x000000000000461c                pm_policy_state_lock_is_active
 .text.pm_policy_next_state
                0x0000000000004638       0x9c zephyr/libzephyr.a(policy.c.obj)
                0x0000000000004638                pm_policy_next_state
 .text.pm_state_cpu_get_all
                0x00000000000046d4       0x10 zephyr/libzephyr.a(state.c.obj)
                0x00000000000046d4                pm_state_cpu_get_all
 .text.nrf_cc3xx_platform_abort_init
                0x00000000000046e4        0xc zephyr/libzephyr.a(nrf_cc3xx_platform_abort_zephyr.c.obj)
                0x00000000000046e4                nrf_cc3xx_platform_abort_init
 .text.mutex_free_platform
                0x00000000000046f0       0x48 zephyr/libzephyr.a(nrf_cc3xx_platform_mutex_zephyr.c.obj)
 .text.mutex_lock_platform
                0x0000000000004738       0x58 zephyr/libzephyr.a(nrf_cc3xx_platform_mutex_zephyr.c.obj)
 .text.mutex_unlock_platform
                0x0000000000004790       0x4c zephyr/libzephyr.a(nrf_cc3xx_platform_mutex_zephyr.c.obj)
 .text.mutex_init_platform
                0x00000000000047dc       0x70 zephyr/libzephyr.a(nrf_cc3xx_platform_mutex_zephyr.c.obj)
 .text.nrf_cc3xx_platform_mutex_init
                0x000000000000484c       0x2c zephyr/libzephyr.a(nrf_cc3xx_platform_mutex_zephyr.c.obj)
                0x000000000000484c                nrf_cc3xx_platform_mutex_init
 .text.z_arm_cpu_idle_init
                0x0000000000004878        0xc zephyr/arch/arch/arm/core/aarch32/libarch__arm__core__aarch32.a(cpu_idle.S.obj)
                0x0000000000004878                z_arm_cpu_idle_init
 .text.arch_cpu_idle
                0x0000000000004884       0x1c zephyr/arch/arch/arm/core/aarch32/libarch__arm__core__aarch32.a(cpu_idle.S.obj)
                0x0000000000004884                arch_cpu_idle
 .text.arch_cpu_atomic_idle
                0x00000000000048a0       0x14 zephyr/arch/arch/arm/core/aarch32/libarch__arm__core__aarch32.a(cpu_idle.S.obj)
                0x00000000000048a0                arch_cpu_atomic_idle
 .text.z_arm_fatal_error
                0x00000000000048b4       0xa0 zephyr/arch/arch/arm/core/aarch32/libarch__arm__core__aarch32.a(fatal.c.obj)
                0x00000000000048b4                z_arm_fatal_error
 .text.arch_irq_enable
                0x0000000000004954       0x20 zephyr/arch/arch/arm/core/aarch32/libarch__arm__core__aarch32.a(irq_manage.c.obj)
                0x0000000000004954                arch_irq_enable
 .text.arch_irq_is_enabled
                0x0000000000004974       0x1c zephyr/arch/arch/arm/core/aarch32/libarch__arm__core__aarch32.a(irq_manage.c.obj)
                0x0000000000004974                arch_irq_is_enabled
 .text.z_arm_irq_priority_set
                0x0000000000004990       0x68 zephyr/arch/arch/arm/core/aarch32/libarch__arm__core__aarch32.a(irq_manage.c.obj)
                0x0000000000004990                z_arm_irq_priority_set
 .text.z_SysNmiOnReset
                0x00000000000049f8        0x8 zephyr/arch/arch/arm/core/aarch32/libarch__arm__core__aarch32.a(nmi_on_reset.S.obj)
                0x00000000000049f8                z_SysNmiOnReset
 .text.z_arm_prep_c
                0x0000000000004a00       0x38 zephyr/arch/arch/arm/core/aarch32/libarch__arm__core__aarch32.a(prep_c.c.obj)
                0x0000000000004a00                z_arm_prep_c
 .text.arch_swap
                0x0000000000004a38       0x34 zephyr/arch/arch/arm/core/aarch32/libarch__arm__core__aarch32.a(swap.c.obj)
                0x0000000000004a38                arch_swap
 .text.z_arm_pendsv
                0x0000000000004a6c       0x54 zephyr/arch/arch/arm/core/aarch32/libarch__arm__core__aarch32.a(swap_helper.S.obj)
                0x0000000000004a6c                z_arm_pendsv
 .text.z_arm_svc
                0x0000000000004ac0       0x20 zephyr/arch/arch/arm/core/aarch32/libarch__arm__core__aarch32.a(swap_helper.S.obj)
                0x0000000000004ac0                z_arm_svc
 .text.arch_new_thread
                0x0000000000004ae0       0x38 zephyr/arch/arch/arm/core/aarch32/libarch__arm__core__aarch32.a(thread.c.obj)
                0x0000000000004ae0                arch_new_thread
 .text.z_check_thread_stack_fail
                0x0000000000004b18       0x2c zephyr/arch/arch/arm/core/aarch32/libarch__arm__core__aarch32.a(thread.c.obj)
                0x0000000000004b18                z_check_thread_stack_fail
 .text.arch_switch_to_main_thread
                0x0000000000004b44       0x2c zephyr/arch/arch/arm/core/aarch32/libarch__arm__core__aarch32.a(thread.c.obj)
                0x0000000000004b44                arch_switch_to_main_thread
 .text._isr_wrapper
                0x0000000000004b70       0x40 zephyr/arch/arch/arm/core/aarch32/libarch__arm__core__aarch32.a(isr_wrapper.S.obj)
                0x0000000000004b70                _isr_wrapper
 .text._HandlerModeExit
                0x0000000000004bb0       0x1c zephyr/arch/arch/arm/core/aarch32/cortex_m/libarch__arm__core__aarch32__cortex_m.a(exc_exit.S.obj)
                0x0000000000004bb0                z_arm_exc_exit
                0x0000000000004bb0                z_arm_int_exit
 .text.bus_fault.constprop.0
                0x0000000000004bcc      0x11c zephyr/arch/arch/arm/core/aarch32/cortex_m/libarch__arm__core__aarch32__cortex_m.a(fault.c.obj)
 .text.usage_fault.constprop.0
                0x0000000000004ce8       0xf8 zephyr/arch/arch/arm/core/aarch32/cortex_m/libarch__arm__core__aarch32__cortex_m.a(fault.c.obj)
 .text.mem_manage_fault
                0x0000000000004de0      0x18c zephyr/arch/arch/arm/core/aarch32/cortex_m/libarch__arm__core__aarch32__cortex_m.a(fault.c.obj)
 .text.z_arm_fault
                0x0000000000004f6c      0x278 zephyr/arch/arch/arm/core/aarch32/cortex_m/libarch__arm__core__aarch32__cortex_m.a(fault.c.obj)
                0x0000000000004f6c                z_arm_fault
 .text.z_arm_fault_init
                0x00000000000051e4       0x10 zephyr/arch/arch/arm/core/aarch32/cortex_m/libarch__arm__core__aarch32__cortex_m.a(fault.c.obj)
                0x00000000000051e4                z_arm_fault_init
 .text.__fault  0x00000000000051f4       0x14 zephyr/arch/arch/arm/core/aarch32/cortex_m/libarch__arm__core__aarch32__cortex_m.a(fault_s.S.obj)
                0x00000000000051f4                z_arm_bus_fault
                0x00000000000051f4                z_arm_usage_fault
                0x00000000000051f4                z_arm_mpu_fault
                0x00000000000051f4                z_arm_exc_spurious
                0x00000000000051f4                z_arm_debug_monitor
                0x00000000000051f4                z_arm_hard_fault
 .text.z_arm_interrupt_init
                0x0000000000005208       0x18 zephyr/arch/arch/arm/core/aarch32/cortex_m/libarch__arm__core__aarch32__cortex_m.a(irq_init.c.obj)
                0x0000000000005208                z_arm_interrupt_init
 .text._reset_section
                0x0000000000005220       0x54 zephyr/arch/arch/arm/core/aarch32/cortex_m/libarch__arm__core__aarch32__cortex_m.a(reset.S.obj)
                0x0000000000005220                z_arm_reset
                0x0000000000005220                __start
 .text.z_arm_clear_arm_mpu_config
                0x0000000000005274       0x24 zephyr/arch/arch/arm/core/aarch32/cortex_m/libarch__arm__core__aarch32__cortex_m.a(scb.c.obj)
                0x0000000000005274                z_arm_clear_arm_mpu_config
 .text.z_arm_init_arch_hw_at_boot
                0x0000000000005298       0x64 zephyr/arch/arch/arm/core/aarch32/cortex_m/libarch__arm__core__aarch32__cortex_m.a(scb.c.obj)
                0x0000000000005298                z_arm_init_arch_hw_at_boot
 .text.z_impl_k_thread_abort
                0x00000000000052fc       0x2c zephyr/arch/arch/arm/core/aarch32/cortex_m/libarch__arm__core__aarch32__cortex_m.a(thread_abort.c.obj)
                0x00000000000052fc                z_impl_k_thread_abort
 .text.arch_timing_init
                0x0000000000005328       0x5c zephyr/arch/arch/arm/core/aarch32/cortex_m/libarch__arm__core__aarch32__cortex_m.a(timing.c.obj)
                0x0000000000005328                arch_timing_init
 .text.arch_timing_start
                0x0000000000005384       0x14 zephyr/arch/arch/arm/core/aarch32/cortex_m/libarch__arm__core__aarch32__cortex_m.a(timing.c.obj)
                0x0000000000005384                arch_timing_start
 .text.arch_timing_counter_get
                0x0000000000005398        0xc zephyr/arch/arch/arm/core/aarch32/cortex_m/libarch__arm__core__aarch32__cortex_m.a(timing.c.obj)
                0x0000000000005398                arch_timing_counter_get
 .text.arch_timing_freq_get_mhz
                0x00000000000053a4       0x20 zephyr/arch/arch/arm/core/aarch32/cortex_m/libarch__arm__core__aarch32__cortex_m.a(timing.c.obj)
                0x00000000000053a4                arch_timing_freq_get_mhz
 .text.z_arm_configure_static_mpu_regions
                0x00000000000053c4       0x18 zephyr/arch/arch/arm/core/aarch32/mpu/libarch__arm__core__aarch32__mpu.a(arm_core_mpu.c.obj)
                0x00000000000053c4                z_arm_configure_static_mpu_regions
 .text.z_arm_configure_dynamic_mpu_regions
                0x00000000000053dc       0x20 zephyr/arch/arch/arm/core/aarch32/mpu/libarch__arm__core__aarch32__mpu.a(arm_core_mpu.c.obj)
                0x00000000000053dc                z_arm_configure_dynamic_mpu_regions
 .text.mpu_configure_regions
                0x00000000000053fc       0xb0 zephyr/arch/arch/arm/core/aarch32/mpu/libarch__arm__core__aarch32__mpu.a(arm_mpu.c.obj)
 .text.arm_core_mpu_enable
                0x00000000000054ac       0x18 zephyr/arch/arch/arm/core/aarch32/mpu/libarch__arm__core__aarch32__mpu.a(arm_mpu.c.obj)
                0x00000000000054ac                arm_core_mpu_enable
 .text.arm_core_mpu_disable
                0x00000000000054c4       0x14 zephyr/arch/arch/arm/core/aarch32/mpu/libarch__arm__core__aarch32__mpu.a(arm_mpu.c.obj)
                0x00000000000054c4                arm_core_mpu_disable
 .text.arm_core_mpu_configure_static_mpu_regions
                0x00000000000054d8       0x50 zephyr/arch/arch/arm/core/aarch32/mpu/libarch__arm__core__aarch32__mpu.a(arm_mpu.c.obj)
                0x00000000000054d8                arm_core_mpu_configure_static_mpu_regions
 .text.arm_core_mpu_configure_dynamic_mpu_regions
                0x0000000000005528       0x68 zephyr/arch/arch/arm/core/aarch32/mpu/libarch__arm__core__aarch32__mpu.a(arm_mpu.c.obj)
                0x0000000000005528                arm_core_mpu_configure_dynamic_mpu_regions
 .text.z_arm_mpu_init
                0x0000000000005590       0xc4 zephyr/arch/arch/arm/core/aarch32/mpu/libarch__arm__core__aarch32__mpu.a(arm_mpu.c.obj)
                0x0000000000005590                z_arm_mpu_init
 .text.malloc_prepare
                0x0000000000005654       0x44 zephyr/lib/libc/newlib/liblib__libc__newlib.a(libc-hooks.c.obj)
 .text.__stdout_hook_install
                0x0000000000005698        0xc zephyr/lib/libc/newlib/liblib__libc__newlib.a(libc-hooks.c.obj)
                0x0000000000005698                __stdout_hook_install
 .text.z_impl_zephyr_read_stdin
                0x00000000000056a4       0x28 zephyr/lib/libc/newlib/liblib__libc__newlib.a(libc-hooks.c.obj)
                0x00000000000056a4                z_impl_zephyr_read_stdin
 .text.z_impl_zephyr_write_stdout
                0x00000000000056cc       0x30 zephyr/lib/libc/newlib/liblib__libc__newlib.a(libc-hooks.c.obj)
                0x00000000000056cc                z_impl_zephyr_write_stdout
 .text._exit    0x00000000000056fc       0x10 zephyr/lib/libc/newlib/liblib__libc__newlib.a(libc-hooks.c.obj)
                0x00000000000056fc                _exit
 .text._sbrk    0x000000000000570c       0x28 zephyr/lib/libc/newlib/liblib__libc__newlib.a(libc-hooks.c.obj)
                0x000000000000570c                _sbrk
                0x000000000000570c                sbrk
 .text.__retarget_lock_init_recursive
                0x0000000000005734       0x64 zephyr/lib/libc/newlib/liblib__libc__newlib.a(libc-hooks.c.obj)
                0x0000000000005734                __retarget_lock_init_recursive
 .text.__retarget_lock_acquire_recursive
                0x0000000000005798       0x3c zephyr/lib/libc/newlib/liblib__libc__newlib.a(libc-hooks.c.obj)
                0x0000000000005798                __retarget_lock_acquire_recursive
 .text.__retarget_lock_release_recursive
                0x00000000000057d4       0x34 zephyr/lib/libc/newlib/liblib__libc__newlib.a(libc-hooks.c.obj)
                0x00000000000057d4                __retarget_lock_release_recursive
 .text.nordicsemi_nrf52_init
                0x0000000000005808       0x60 zephyr/soc/arm/nordic_nrf/nrf52/libsoc__arm__nordic_nrf__nrf52.a(soc.c.obj)
 .text.sys_arch_reboot
                0x0000000000005868       0x2c zephyr/soc/arm/nordic_nrf/nrf52/libsoc__arm__nordic_nrf__nrf52.a(soc.c.obj)
                0x0000000000005868                sys_arch_reboot
 .text.arch_busy_wait
                0x0000000000005894       0x14 zephyr/soc/arm/nordic_nrf/nrf52/libsoc__arm__nordic_nrf__nrf52.a(soc.c.obj)
                0x0000000000005894                arch_busy_wait
 .text.timing_init
                0x00000000000058a8       0x18 zephyr/subsys/timing/libsubsys__timing.a(timing.c.obj)
                0x00000000000058a8                timing_init
 .text.timing_start
                0x00000000000058c0       0x24 zephyr/subsys/timing/libsubsys__timing.a(timing.c.obj)
                0x00000000000058c0                timing_start
 .text.adc_nrfx_channel_setup
                0x00000000000058e4      0x108 zephyr/drivers/adc/libdrivers__adc.a(adc_nrfx_saadc.c.obj)
 .text.adc_context_start_sampling.isra.0
                0x00000000000059ec       0x18 zephyr/drivers/adc/libdrivers__adc.a(adc_nrfx_saadc.c.obj)
 .text.adc_nrfx_read
                0x0000000000005a04      0x1fc zephyr/drivers/adc/libdrivers__adc.a(adc_nrfx_saadc.c.obj)
 .text.init_saadc
                0x0000000000005c00       0x44 zephyr/drivers/adc/libdrivers__adc.a(adc_nrfx_saadc.c.obj)
 .text.saadc_irq_handler
                0x0000000000005c44       0xcc zephyr/drivers/adc/libdrivers__adc.a(adc_nrfx_saadc.c.obj)
 .text.onoff_start
                0x0000000000005d10       0x3c zephyr/drivers/clock_control/libdrivers__clock_control.a(clock_control_nrf.c.obj)
 .text.get_status
                0x0000000000005d4c       0x3c zephyr/drivers/clock_control/libdrivers__clock_control.a(clock_control_nrf.c.obj)
 .text.stop     0x0000000000005d88       0x80 zephyr/drivers/clock_control/libdrivers__clock_control.a(clock_control_nrf.c.obj)
 .text.onoff_stop
                0x0000000000005e08       0x28 zephyr/drivers/clock_control/libdrivers__clock_control.a(clock_control_nrf.c.obj)
 .text.clk_init
                0x0000000000005e30       0x58 zephyr/drivers/clock_control/libdrivers__clock_control.a(clock_control_nrf.c.obj)
 .text.clkstarted_handle.constprop.0
                0x0000000000005e88       0x34 zephyr/drivers/clock_control/libdrivers__clock_control.a(clock_control_nrf.c.obj)
 .text.clock_event_handler
                0x0000000000005ebc       0x60 zephyr/drivers/clock_control/libdrivers__clock_control.a(clock_control_nrf.c.obj)
 .text.generic_hfclk_start
                0x0000000000005f1c       0x64 zephyr/drivers/clock_control/libdrivers__clock_control.a(clock_control_nrf.c.obj)
 .text.api_blocking_start
                0x0000000000005f80       0x34 zephyr/drivers/clock_control/libdrivers__clock_control.a(clock_control_nrf.c.obj)
 .text.generic_hfclk_stop
                0x0000000000005fb4       0x2c zephyr/drivers/clock_control/libdrivers__clock_control.a(clock_control_nrf.c.obj)
 .text.z_nrf_clock_control_lf_on
                0x0000000000005fe0      0x148 zephyr/drivers/clock_control/libdrivers__clock_control.a(clock_control_nrf.c.obj)
                0x0000000000005fe0                z_nrf_clock_control_lf_on
 .text.uart_console_init
                0x0000000000006128       0x30 zephyr/drivers/console/libdrivers__console.a(uart_console.c.obj)
 .text.console_out
                0x0000000000006158       0x28 zephyr/drivers/console/libdrivers__console.a(uart_console.c.obj)
 .text.gpio_nrfx_manage_callback
                0x0000000000006180       0xac zephyr/drivers/gpio/libdrivers__gpio.a(gpio_nrfx.c.obj)
 .text.gpio_nrfx_pin_interrupt_configure
                0x000000000000622c      0x130 zephyr/drivers/gpio/libdrivers__gpio.a(gpio_nrfx.c.obj)
 .text.gpio_nrfx_init
                0x000000000000635c       0x38 zephyr/drivers/gpio/libdrivers__gpio.a(gpio_nrfx.c.obj)
 .text.nrfx_gpio_handler
                0x0000000000006394       0x88 zephyr/drivers/gpio/libdrivers__gpio.a(gpio_nrfx.c.obj)
 .text.gpio_nrfx_pin_configure
                0x000000000000641c      0x158 zephyr/drivers/gpio/libdrivers__gpio.a(gpio_nrfx.c.obj)
 .text.z_log_msg2_runtime_create.constprop.0
                0x0000000000006574       0x24 zephyr/drivers/serial/libdrivers__serial.a(uart_nrfx_uarte.c.obj)
 .text.uarte_nrfx_tx
                0x0000000000006598       0xb0 zephyr/drivers/serial/libdrivers__serial.a(uart_nrfx_uarte.c.obj)
 .text.uarte_nrfx_configure
                0x0000000000006648      0x164 zephyr/drivers/serial/libdrivers__serial.a(uart_nrfx_uarte.c.obj)
 .text.uarte_instance_init.constprop.0
                0x00000000000067ac      0x19c zephyr/drivers/serial/libdrivers__serial.a(uart_nrfx_uarte.c.obj)
 .text.uarte_nrfx_poll_out
                0x0000000000006948       0xb4 zephyr/drivers/serial/libdrivers__serial.a(uart_nrfx_uarte.c.obj)
 .text.uarte_nrfx_rx_enable
                0x00000000000069fc      0x13c zephyr/drivers/serial/libdrivers__serial.a(uart_nrfx_uarte.c.obj)
 .text.uarte_nrfx_isr_async
                0x0000000000006b38      0x350 zephyr/drivers/serial/libdrivers__serial.a(uart_nrfx_uarte.c.obj)
 .text.compare_int_lock
                0x0000000000006e88       0x50 zephyr/drivers/timer/libdrivers__timer.a(nrf_rtc_timer.c.obj)
 .text.sys_clock_timeout_handler
                0x0000000000006ed8       0x78 zephyr/drivers/timer/libdrivers__timer.a(nrf_rtc_timer.c.obj)
 .text.compare_int_unlock
                0x0000000000006f50       0x5c zephyr/drivers/timer/libdrivers__timer.a(nrf_rtc_timer.c.obj)
 .text.z_nrf_rtc_timer_read
                0x0000000000006fac       0x44 zephyr/drivers/timer/libdrivers__timer.a(nrf_rtc_timer.c.obj)
                0x0000000000006fac                z_nrf_rtc_timer_read
 .text.compare_set
                0x0000000000006ff0      0x148 zephyr/drivers/timer/libdrivers__timer.a(nrf_rtc_timer.c.obj)
 .text.sys_clock_driver_init
                0x0000000000007138       0x80 zephyr/drivers/timer/libdrivers__timer.a(nrf_rtc_timer.c.obj)
 .text.rtc_nrf_isr
                0x00000000000071b8       0xec zephyr/drivers/timer/libdrivers__timer.a(nrf_rtc_timer.c.obj)
                0x00000000000071b8                rtc_nrf_isr
 .text.sys_clock_set_timeout
                0x00000000000072a4       0x64 zephyr/drivers/timer/libdrivers__timer.a(nrf_rtc_timer.c.obj)
                0x00000000000072a4                sys_clock_set_timeout
 .text.sys_clock_elapsed
                0x0000000000007308       0x14 zephyr/drivers/timer/libdrivers__timer.a(nrf_rtc_timer.c.obj)
                0x0000000000007308                sys_clock_elapsed
 .text.nrf_gpio_pin_port_decode
                0x000000000000731c       0x84 zephyr/drivers/pinctrl/libdrivers__pinctrl.a(pinctrl_nrf.c.obj)
 .text.z_log_msg2_runtime_create.constprop.0
                0x00000000000073a0       0x24 modules/nrf/lib/fatal_error/lib..__nrf__lib__fatal_error.a(fatal_error.c.obj)
 .text.k_sys_fatal_error_handler
                0x00000000000073c4       0x2c modules/nrf/lib/fatal_error/lib..__nrf__lib__fatal_error.a(fatal_error.c.obj)
                0x00000000000073c4                k_sys_fatal_error_handler
 .text.nrf52_errata_98
                0x00000000000073f0       0x24 modules/hal_nordic/nrfx/libmodules__hal_nordic__nrfx.a(system_nrf52840.c.obj)
 .text.nvmc_wait
                0x0000000000007414       0x10 modules/hal_nordic/nrfx/libmodules__hal_nordic__nrfx.a(system_nrf52840.c.obj)
                0x0000000000007414                nvmc_wait
 .text.SystemCoreClockUpdate
                0x0000000000007424       0x10 modules/hal_nordic/nrfx/libmodules__hal_nordic__nrfx.a(system_nrf52840.c.obj)
                0x0000000000007424                SystemCoreClockUpdate
 .text.SystemInit
                0x0000000000007434      0x1d4 modules/hal_nordic/nrfx/libmodules__hal_nordic__nrfx.a(system_nrf52840.c.obj)
                0x0000000000007434                SystemInit
 .text.nrfx_flag32_alloc
                0x0000000000007608       0x4c modules/hal_nordic/nrfx/libmodules__hal_nordic__nrfx.a(nrfx_flag32_allocator.c.obj)
                0x0000000000007608                nrfx_flag32_alloc
 .text.nrfx_flag32_free
                0x0000000000007654       0x44 modules/hal_nordic/nrfx/libmodules__hal_nordic__nrfx.a(nrfx_flag32_allocator.c.obj)
                0x0000000000007654                nrfx_flag32_free
 .text.clock_stop
                0x0000000000007698       0xe4 modules/hal_nordic/nrfx/libmodules__hal_nordic__nrfx.a(nrfx_clock.c.obj)
 .text.nrfx_clock_init
                0x000000000000777c       0x4c modules/hal_nordic/nrfx/libmodules__hal_nordic__nrfx.a(nrfx_clock.c.obj)
                0x000000000000777c                nrfx_clock_init
 .text.nrfx_clock_enable
                0x00000000000077c8       0x48 modules/hal_nordic/nrfx/libmodules__hal_nordic__nrfx.a(nrfx_clock.c.obj)
                0x00000000000077c8                nrfx_clock_enable
 .text.nrfx_clock_start
                0x0000000000007810       0xc8 modules/hal_nordic/nrfx/libmodules__hal_nordic__nrfx.a(nrfx_clock.c.obj)
                0x0000000000007810                nrfx_clock_start
 .text.nrfx_clock_stop
                0x00000000000078d8       0x3c modules/hal_nordic/nrfx/libmodules__hal_nordic__nrfx.a(nrfx_clock.c.obj)
                0x00000000000078d8                nrfx_clock_stop
 .text.nrfx_power_clock_irq_handler
                0x0000000000007914       0x68 modules/hal_nordic/nrfx/libmodules__hal_nordic__nrfx.a(nrfx_clock.c.obj)
                0x0000000000007914                nrfx_power_clock_irq_handler
 .text.pin_in_use_by_te
                0x000000000000797c       0x14 modules/hal_nordic/nrfx/libmodules__hal_nordic__nrfx.a(nrfx_gpiote.c.obj)
 .text.pin_has_trigger
                0x0000000000007990       0x18 modules/hal_nordic/nrfx/libmodules__hal_nordic__nrfx.a(nrfx_gpiote.c.obj)
 .text.pin_is_output
                0x00000000000079a8       0x14 modules/hal_nordic/nrfx/libmodules__hal_nordic__nrfx.a(nrfx_gpiote.c.obj)
 .text.call_handler
                0x00000000000079bc       0x3c modules/hal_nordic/nrfx/libmodules__hal_nordic__nrfx.a(nrfx_gpiote.c.obj)
 .text.release_handler
                0x00000000000079f8       0x80 modules/hal_nordic/nrfx/libmodules__hal_nordic__nrfx.a(nrfx_gpiote.c.obj)
 .text.pin_handler_trigger_uninit
                0x0000000000007a78       0x38 modules/hal_nordic/nrfx/libmodules__hal_nordic__nrfx.a(nrfx_gpiote.c.obj)
 .text.nrf_gpio_pin_port_decode
                0x0000000000007ab0       0x6c modules/hal_nordic/nrfx/libmodules__hal_nordic__nrfx.a(nrfx_gpiote.c.obj)
 .text.nrfx_gpiote_input_configure
                0x0000000000007b1c      0x15c modules/hal_nordic/nrfx/libmodules__hal_nordic__nrfx.a(nrfx_gpiote.c.obj)
                0x0000000000007b1c                nrfx_gpiote_input_configure
 .text.nrfx_gpiote_output_configure
                0x0000000000007c78       0xe8 modules/hal_nordic/nrfx/libmodules__hal_nordic__nrfx.a(nrfx_gpiote.c.obj)
                0x0000000000007c78                nrfx_gpiote_output_configure
 .text.nrfx_gpiote_global_callback_set
                0x0000000000007d60        0xc modules/hal_nordic/nrfx/libmodules__hal_nordic__nrfx.a(nrfx_gpiote.c.obj)
                0x0000000000007d60                nrfx_gpiote_global_callback_set
 .text.nrfx_gpiote_channel_get
                0x0000000000007d6c       0x54 modules/hal_nordic/nrfx/libmodules__hal_nordic__nrfx.a(nrfx_gpiote.c.obj)
                0x0000000000007d6c                nrfx_gpiote_channel_get
 .text.nrfx_gpiote_init
                0x0000000000007dc0       0x50 modules/hal_nordic/nrfx/libmodules__hal_nordic__nrfx.a(nrfx_gpiote.c.obj)
                0x0000000000007dc0                nrfx_gpiote_init
 .text.nrfx_gpiote_is_init
                0x0000000000007e10       0x14 modules/hal_nordic/nrfx/libmodules__hal_nordic__nrfx.a(nrfx_gpiote.c.obj)
                0x0000000000007e10                nrfx_gpiote_is_init
 .text.nrfx_gpiote_channel_free
                0x0000000000007e24        0xc modules/hal_nordic/nrfx/libmodules__hal_nordic__nrfx.a(nrfx_gpiote.c.obj)
                0x0000000000007e24                nrfx_gpiote_channel_free
 .text.nrfx_gpiote_channel_alloc
                0x0000000000007e30        0xc modules/hal_nordic/nrfx/libmodules__hal_nordic__nrfx.a(nrfx_gpiote.c.obj)
                0x0000000000007e30                nrfx_gpiote_channel_alloc
 .text.nrfx_gpiote_trigger_enable
                0x0000000000007e3c       0xe8 modules/hal_nordic/nrfx/libmodules__hal_nordic__nrfx.a(nrfx_gpiote.c.obj)
                0x0000000000007e3c                nrfx_gpiote_trigger_enable
 .text.nrfx_gpiote_trigger_disable
                0x0000000000007f24       0x54 modules/hal_nordic/nrfx/libmodules__hal_nordic__nrfx.a(nrfx_gpiote.c.obj)
                0x0000000000007f24                nrfx_gpiote_trigger_disable
 .text.nrfx_gpiote_pin_uninit
                0x0000000000007f78       0x48 modules/hal_nordic/nrfx/libmodules__hal_nordic__nrfx.a(nrfx_gpiote.c.obj)
                0x0000000000007f78                nrfx_gpiote_pin_uninit
 .text.nrfx_gpiote_irq_handler
                0x0000000000007fc0      0x1b0 modules/hal_nordic/nrfx/libmodules__hal_nordic__nrfx.a(nrfx_gpiote.c.obj)
                0x0000000000007fc0                nrfx_gpiote_irq_handler
 .text.nrfx_ppi_channel_alloc
                0x0000000000008170        0xc modules/hal_nordic/nrfx/libmodules__hal_nordic__nrfx.a(nrfx_ppi.c.obj)
                0x0000000000008170                nrfx_ppi_channel_alloc
 .text._DoInit  0x000000000000817c       0x60 modules/segger/libmodules__segger.a(SEGGER_RTT.c.obj)
 .text.SEGGER_RTT_WriteSkipNoLock
                0x00000000000081dc       0x98 modules/segger/libmodules__segger.a(SEGGER_RTT.c.obj)
                0x00000000000081dc                SEGGER_RTT_WriteSkipNoLock
 .text.SEGGER_RTT_HasDataUp
                0x0000000000008274       0x14 modules/segger/libmodules__segger.a(SEGGER_RTT.c.obj)
                0x0000000000008274                SEGGER_RTT_HasDataUp
 .text.z_sys_init_run_level
                0x0000000000008288       0x40 zephyr/kernel/libkernel.a(device.c.obj)
                0x0000000000008288                z_sys_init_run_level
 .text.z_impl_device_get_binding
                0x00000000000082c8       0x54 zephyr/kernel/libkernel.a(device.c.obj)
                0x00000000000082c8                z_impl_device_get_binding
 .text.z_fatal_error
                0x000000000000831c       0xf4 zephyr/kernel/libkernel.a(fatal.c.obj)
                0x000000000000831c                z_fatal_error
 .text.bg_thread_main
                0x0000000000008410       0x34 zephyr/kernel/libkernel.a(init.c.obj)
 .text.z_bss_zero
                0x0000000000008444       0x18 zephyr/kernel/libkernel.a(init.c.obj)
                0x0000000000008444                z_bss_zero
 .text.z_init_cpu
                0x000000000000845c       0x70 zephyr/kernel/libkernel.a(init.c.obj)
                0x000000000000845c                z_init_cpu
 .text.z_cstart
                0x00000000000084cc       0xdc zephyr/kernel/libkernel.a(init.c.obj)
                0x00000000000084cc                z_cstart
 .text.init_mem_slab_module
                0x00000000000085a8       0x74 zephyr/kernel/libkernel.a(mem_slab.c.obj)
 .text.k_mem_slab_alloc
                0x000000000000861c       0xd8 zephyr/kernel/libkernel.a(mem_slab.c.obj)
                0x000000000000861c                k_mem_slab_alloc
 .text.k_mem_slab_free
                0x00000000000086f4       0xc8 zephyr/kernel/libkernel.a(mem_slab.c.obj)
                0x00000000000086f4                k_mem_slab_free
 .text.z_setup_new_thread
                0x00000000000087bc       0xc8 zephyr/kernel/libkernel.a(thread.c.obj)
                0x00000000000087bc                z_setup_new_thread
 .text.z_impl_k_thread_create
                0x0000000000008884       0xa0 zephyr/kernel/libkernel.a(thread.c.obj)
                0x0000000000008884                z_impl_k_thread_create
 .text.z_init_static_threads
                0x0000000000008924      0x110 zephyr/kernel/libkernel.a(thread.c.obj)
                0x0000000000008924                z_init_static_threads
 .text.z_spin_lock_valid
                0x0000000000008a34       0x1c zephyr/kernel/libkernel.a(thread.c.obj)
                0x0000000000008a34                z_spin_lock_valid
 .text.z_spin_unlock_valid
                0x0000000000008a50       0x20 zephyr/kernel/libkernel.a(thread.c.obj)
                0x0000000000008a50                z_spin_unlock_valid
 .text.z_spin_lock_set_owner
                0x0000000000008a70       0x10 zephyr/kernel/libkernel.a(thread.c.obj)
                0x0000000000008a70                z_spin_lock_set_owner
 .text.idle     0x0000000000008a80       0x64 zephyr/kernel/libkernel.a(idle.c.obj)
                0x0000000000008a80                idle
 .text.z_impl_k_mutex_lock
                0x0000000000008ae4      0x1f4 zephyr/kernel/libkernel.a(mutex.c.obj)
                0x0000000000008ae4                z_impl_k_mutex_lock
 .text.z_impl_k_mutex_unlock
                0x0000000000008cd8      0x188 zephyr/kernel/libkernel.a(mutex.c.obj)
                0x0000000000008cd8                z_impl_k_mutex_unlock
 .text.z_impl_k_sem_give
                0x0000000000008e60       0x7c zephyr/kernel/libkernel.a(sem.c.obj)
                0x0000000000008e60                z_impl_k_sem_give
 .text.z_impl_k_sem_take
                0x0000000000008edc      0x114 zephyr/kernel/libkernel.a(sem.c.obj)
                0x0000000000008edc                z_impl_k_sem_take
 .text.z_reset_time_slice
                0x0000000000008ff0       0x28 zephyr/kernel/libkernel.a(sched.c.obj)
                0x0000000000008ff0                z_reset_time_slice
 .text.k_sched_time_slice_set
                0x0000000000009018       0xcc zephyr/kernel/libkernel.a(sched.c.obj)
                0x0000000000009018                k_sched_time_slice_set
 .text.z_unpend_thread_no_timeout
                0x00000000000090e4       0x90 zephyr/kernel/libkernel.a(sched.c.obj)
                0x00000000000090e4                z_unpend_thread_no_timeout
 .text.z_reschedule
                0x0000000000009174       0x88 zephyr/kernel/libkernel.a(sched.c.obj)
                0x0000000000009174                z_reschedule
 .text.k_sched_lock
                0x00000000000091fc       0xe8 zephyr/kernel/libkernel.a(sched.c.obj)
                0x00000000000091fc                k_sched_lock
 .text.z_priq_dumb_remove
                0x00000000000092e4       0x44 zephyr/kernel/libkernel.a(sched.c.obj)
                0x00000000000092e4                z_priq_dumb_remove
 .text.unpend_thread_no_timeout
                0x0000000000009328       0x44 zephyr/kernel/libkernel.a(sched.c.obj)
 .text.update_cache
                0x000000000000936c       0x70 zephyr/kernel/libkernel.a(sched.c.obj)
 .text.move_thread_to_end_of_prio_q
                0x00000000000093dc       0xa8 zephyr/kernel/libkernel.a(sched.c.obj)
 .text.z_time_slice
                0x0000000000009484       0xf0 zephyr/kernel/libkernel.a(sched.c.obj)
                0x0000000000009484                z_time_slice
 .text.ready_thread
                0x0000000000009574       0x98 zephyr/kernel/libkernel.a(sched.c.obj)
 .text.z_ready_thread
                0x000000000000960c       0x90 zephyr/kernel/libkernel.a(sched.c.obj)
                0x000000000000960c                z_ready_thread
 .text.z_sched_start
                0x000000000000969c       0xa8 zephyr/kernel/libkernel.a(sched.c.obj)
                0x000000000000969c                z_sched_start
 .text.z_thread_timeout
                0x0000000000009744       0xb4 zephyr/kernel/libkernel.a(sched.c.obj)
                0x0000000000009744                z_thread_timeout
 .text.unready_thread
                0x00000000000097f8       0x38 zephyr/kernel/libkernel.a(sched.c.obj)
 .text.add_to_waitq_locked
                0x0000000000009830       0x80 zephyr/kernel/libkernel.a(sched.c.obj)
 .text.pend     0x00000000000098b0       0xbc zephyr/kernel/libkernel.a(sched.c.obj)
 .text.z_pend_curr
                0x000000000000996c       0x60 zephyr/kernel/libkernel.a(sched.c.obj)
                0x000000000000996c                z_pend_curr
 .text.z_set_prio
                0x00000000000099cc      0x130 zephyr/kernel/libkernel.a(sched.c.obj)
                0x00000000000099cc                z_set_prio
 .text.z_impl_k_thread_suspend
                0x0000000000009afc       0xd4 zephyr/kernel/libkernel.a(sched.c.obj)
                0x0000000000009afc                z_impl_k_thread_suspend
 .text.k_sched_unlock
                0x0000000000009bd0       0xf8 zephyr/kernel/libkernel.a(sched.c.obj)
                0x0000000000009bd0                k_sched_unlock
 .text.z_unpend1_no_timeout
                0x0000000000009cc8       0x98 zephyr/kernel/libkernel.a(sched.c.obj)
                0x0000000000009cc8                z_unpend1_no_timeout
 .text.z_unpend_first_thread
                0x0000000000009d60       0xa0 zephyr/kernel/libkernel.a(sched.c.obj)
                0x0000000000009d60                z_unpend_first_thread
 .text.z_sched_init
                0x0000000000009e00       0x18 zephyr/kernel/libkernel.a(sched.c.obj)
                0x0000000000009e00                z_sched_init
 .text.z_impl_k_yield
                0x0000000000009e18      0x140 zephyr/kernel/libkernel.a(sched.c.obj)
                0x0000000000009e18                z_impl_k_yield
 .text.z_tick_sleep
                0x0000000000009f58      0x154 zephyr/kernel/libkernel.a(sched.c.obj)
 .text.z_impl_k_sleep
                0x000000000000a0ac       0x70 zephyr/kernel/libkernel.a(sched.c.obj)
                0x000000000000a0ac                z_impl_k_sleep
 .text.z_impl_z_current_get
                0x000000000000a11c        0xc zephyr/kernel/libkernel.a(sched.c.obj)
                0x000000000000a11c                z_impl_z_current_get
 .text.z_thread_abort
                0x000000000000a128      0x168 zephyr/kernel/libkernel.a(sched.c.obj)
                0x000000000000a128                z_thread_abort
 .text.z_data_copy
                0x000000000000a290       0x34 zephyr/kernel/libkernel.a(xip.c.obj)
                0x000000000000a290                z_data_copy
 .text.elapsed  0x000000000000a2c4       0x14 zephyr/kernel/libkernel.a(timeout.c.obj)
 .text.next_timeout
                0x000000000000a2d8       0x4c zephyr/kernel/libkernel.a(timeout.c.obj)
 .text.remove_timeout
                0x000000000000a324       0x34 zephyr/kernel/libkernel.a(timeout.c.obj)
 .text.z_add_timeout
                0x000000000000a358      0x190 zephyr/kernel/libkernel.a(timeout.c.obj)
                0x000000000000a358                z_add_timeout
 .text.z_abort_timeout
                0x000000000000a4e8       0x9c zephyr/kernel/libkernel.a(timeout.c.obj)
                0x000000000000a4e8                z_abort_timeout
 .text.z_get_next_timeout_expiry
                0x000000000000a584       0x90 zephyr/kernel/libkernel.a(timeout.c.obj)
                0x000000000000a584                z_get_next_timeout_expiry
 .text.z_set_timeout_expiry
                0x000000000000a614       0xa0 zephyr/kernel/libkernel.a(timeout.c.obj)
                0x000000000000a614                z_set_timeout_expiry
 .text.sys_clock_announce
                0x000000000000a6b4      0x174 zephyr/kernel/libkernel.a(timeout.c.obj)
                0x000000000000a6b4                sys_clock_announce
 .text.sys_clock_tick_get
                0x000000000000a828       0xa0 zephyr/kernel/libkernel.a(timeout.c.obj)
                0x000000000000a828                sys_clock_tick_get
 .text.z_timer_expiration_handler
                0x000000000000a8c8      0x16c zephyr/kernel/libkernel.a(timer.c.obj)
                0x000000000000a8c8                z_timer_expiration_handler
 .text.z_impl_k_timer_start
                0x000000000000aa34       0xa4 zephyr/kernel/libkernel.a(timer.c.obj)
                0x000000000000aa34                z_impl_k_timer_start
 .text.k_thread_system_pool_assign
                0x000000000000aad8        0xc zephyr/kernel/libkernel.a(mempool.c.obj)
                0x000000000000aad8                k_thread_system_pool_assign
 .text.boot_banner
                0x000000000000aae4       0x18 zephyr/kernel/libkernel.a(banner.c.obj)
                0x000000000000aae4                boot_banner
 .text.statics_init
                0x000000000000aafc       0x54 zephyr/kernel/libkernel.a(kheap.c.obj)
 .text.exit     0x000000000000ab50       0x28 /home/rt/zephyr-sdk-0.14.1/arm-zephyr-eabi/arm-zephyr-eabi/lib/thumb/v7e-m/nofp/libc_nano.a(lib_a-exit.o)
                0x000000000000ab50                exit
 .text.malloc   0x000000000000ab78       0x10 /home/rt/zephyr-sdk-0.14.1/arm-zephyr-eabi/arm-zephyr-eabi/lib/thumb/v7e-m/nofp/libc_nano.a(lib_a-malloc.o)
                0x000000000000ab78                malloc
 .text.free     0x000000000000ab88       0x10 /home/rt/zephyr-sdk-0.14.1/arm-zephyr-eabi/arm-zephyr-eabi/lib/thumb/v7e-m/nofp/libc_nano.a(lib_a-malloc.o)
                0x000000000000ab88                free
 .text._free_r  0x000000000000ab98       0x94 /home/rt/zephyr-sdk-0.14.1/arm-zephyr-eabi/arm-zephyr-eabi/lib/thumb/v7e-m/nofp/libc_nano.a(lib_a-nano-freer.o)
                0x000000000000ab98                _free_r
 .text._malloc_r
                0x000000000000ac2c       0xb4 /home/rt/zephyr-sdk-0.14.1/arm-zephyr-eabi/arm-zephyr-eabi/lib/thumb/v7e-m/nofp/libc_nano.a(lib_a-nano-mallocr.o)
                0x000000000000ac2c                _malloc_r
 .text._printf_float
                0x000000000000ace0      0x454 /home/rt/zephyr-sdk-0.14.1/arm-zephyr-eabi/arm-zephyr-eabi/lib/thumb/v7e-m/nofp/libc_nano.a(lib_a-nano-vfprintf_float.o)
                0x000000000000ace0                _printf_float
 .text._printf_i
                0x000000000000b134      0x24c /home/rt/zephyr-sdk-0.14.1/arm-zephyr-eabi/arm-zephyr-eabi/lib/thumb/v7e-m/nofp/libc_nano.a(lib_a-nano-vfprintf_i.o)
                0x000000000000b134                _printf_i
 .text._perror_r
                0x000000000000b380      0x134 /home/rt/zephyr-sdk-0.14.1/arm-zephyr-eabi/arm-zephyr-eabi/lib/thumb/v7e-m/nofp/libc_nano.a(lib_a-perror.o)
                0x000000000000b380                _perror_r
 .text.perror   0x000000000000b4b4       0x10 /home/rt/zephyr-sdk-0.14.1/arm-zephyr-eabi/arm-zephyr-eabi/lib/thumb/v7e-m/nofp/libc_nano.a(lib_a-perror.o)
                0x000000000000b4b4                perror
 .text.printf   0x000000000000b4c4       0x30 /home/rt/zephyr-sdk-0.14.1/arm-zephyr-eabi/arm-zephyr-eabi/lib/thumb/v7e-m/nofp/libc_nano.a(lib_a-printf.o)
                0x000000000000b4c4                printf
                0x000000000000b4c4                iprintf
 .text._sbrk_r  0x000000000000b4f4       0x20 /home/rt/zephyr-sdk-0.14.1/arm-zephyr-eabi/arm-zephyr-eabi/lib/thumb/v7e-m/nofp/libc_nano.a(lib_a-sbrkr.o)
                0x000000000000b4f4                _sbrk_r
 .text._strerror_r
                0x000000000000b514      0x3cc /home/rt/zephyr-sdk-0.14.1/arm-zephyr-eabi/arm-zephyr-eabi/lib/thumb/v7e-m/nofp/libc_nano.a(lib_a-strerror.o)
                0x000000000000b514                _strerror_r
 .text._write_r
                0x000000000000b8e0       0x24 /home/rt/zephyr-sdk-0.14.1/arm-zephyr-eabi/arm-zephyr-eabi/lib/thumb/v7e-m/nofp/libc_nano.a(lib_a-writer.o)
                0x000000000000b8e0                _write_r
 .text.__sflush_r
                0x000000000000b904      0x104 /home/rt/zephyr-sdk-0.14.1/arm-zephyr-eabi/arm-zephyr-eabi/lib/thumb/v7e-m/nofp/libc_nano.a(lib_a-fflush.o)
                0x000000000000b904                __sflush_r
 .text._fflush_r
                0x000000000000ba08       0x78 /home/rt/zephyr-sdk-0.14.1/arm-zephyr-eabi/arm-zephyr-eabi/lib/thumb/v7e-m/nofp/libc_nano.a(lib_a-fflush.o)
                0x000000000000ba08                _fflush_r
 .text.fileno   0x000000000000ba80       0x7c /home/rt/zephyr-sdk-0.14.1/arm-zephyr-eabi/arm-zephyr-eabi/lib/thumb/v7e-m/nofp/libc_nano.a(lib_a-fileno.o)
                0x000000000000ba80                fileno
 .text.std      0x000000000000bafc       0x48 /home/rt/zephyr-sdk-0.14.1/arm-zephyr-eabi/arm-zephyr-eabi/lib/thumb/v7e-m/nofp/libc_nano.a(lib_a-findfp.o)
 .text._cleanup_r
                0x000000000000bb44        0xc /home/rt/zephyr-sdk-0.14.1/arm-zephyr-eabi/arm-zephyr-eabi/lib/thumb/v7e-m/nofp/libc_nano.a(lib_a-findfp.o)
                0x000000000000bb44                _cleanup_r
 .text.__sfp_lock_acquire
                0x000000000000bb50        0xc /home/rt/zephyr-sdk-0.14.1/arm-zephyr-eabi/arm-zephyr-eabi/lib/thumb/v7e-m/nofp/libc_nano.a(lib_a-findfp.o)
                0x000000000000bb50                __sfp_lock_acquire
 .text.__sfp_lock_release
                0x000000000000bb5c        0xc /home/rt/zephyr-sdk-0.14.1/arm-zephyr-eabi/arm-zephyr-eabi/lib/thumb/v7e-m/nofp/libc_nano.a(lib_a-findfp.o)
                0x000000000000bb5c                __sfp_lock_release
 .text.__sinit_lock_acquire
                0x000000000000bb68        0xc /home/rt/zephyr-sdk-0.14.1/arm-zephyr-eabi/arm-zephyr-eabi/lib/thumb/v7e-m/nofp/libc_nano.a(lib_a-findfp.o)
                0x000000000000bb68                __sinit_lock_acquire
 .text.__sinit_lock_release
                0x000000000000bb74        0xc /home/rt/zephyr-sdk-0.14.1/arm-zephyr-eabi/arm-zephyr-eabi/lib/thumb/v7e-m/nofp/libc_nano.a(lib_a-findfp.o)
                0x000000000000bb74                __sinit_lock_release
 .text.__sinit  0x000000000000bb80       0x70 /home/rt/zephyr-sdk-0.14.1/arm-zephyr-eabi/arm-zephyr-eabi/lib/thumb/v7e-m/nofp/libc_nano.a(lib_a-findfp.o)
                0x000000000000bb80                __sinit
 .text.__sfp    0x000000000000bbf0       0x8c /home/rt/zephyr-sdk-0.14.1/arm-zephyr-eabi/arm-zephyr-eabi/lib/thumb/v7e-m/nofp/libc_nano.a(lib_a-findfp.o)
                0x000000000000bbf0                __sfp
 .text._localeconv_r
                0x000000000000bc7c        0x8 /home/rt/zephyr-sdk-0.14.1/arm-zephyr-eabi/arm-zephyr-eabi/lib/thumb/v7e-m/nofp/libc_nano.a(lib_a-localeconv.o)
                0x000000000000bc7c                _localeconv_r
 .text.__malloc_lock
                0x000000000000bc84        0xc /home/rt/zephyr-sdk-0.14.1/arm-zephyr-eabi/arm-zephyr-eabi/lib/thumb/v7e-m/nofp/libc_nano.a(lib_a-mlock.o)
                0x000000000000bc84                __malloc_lock
 .text.__malloc_unlock
                0x000000000000bc90        0xc /home/rt/zephyr-sdk-0.14.1/arm-zephyr-eabi/arm-zephyr-eabi/lib/thumb/v7e-m/nofp/libc_nano.a(lib_a-mlock.o)
                0x000000000000bc90                __malloc_unlock
 .text._Balloc  0x000000000000bc9c       0x80 /home/rt/zephyr-sdk-0.14.1/arm-zephyr-eabi/arm-zephyr-eabi/lib/thumb/v7e-m/nofp/libc_nano.a(lib_a-mprec.o)
                0x000000000000bc9c                _Balloc
 .text._Bfree   0x000000000000bd1c       0x44 /home/rt/zephyr-sdk-0.14.1/arm-zephyr-eabi/arm-zephyr-eabi/lib/thumb/v7e-m/nofp/libc_nano.a(lib_a-mprec.o)
                0x000000000000bd1c                _Bfree
 .text.__multadd
                0x000000000000bd60       0x8c /home/rt/zephyr-sdk-0.14.1/arm-zephyr-eabi/arm-zephyr-eabi/lib/thumb/v7e-m/nofp/libc_nano.a(lib_a-mprec.o)
                0x000000000000bd60                __multadd
 .text.__i2b    0x000000000000bdec       0x2c /home/rt/zephyr-sdk-0.14.1/arm-zephyr-eabi/arm-zephyr-eabi/lib/thumb/v7e-m/nofp/libc_nano.a(lib_a-mprec.o)
                0x000000000000bdec                __i2b
 .text.__multiply
                0x000000000000be18      0x150 /home/rt/zephyr-sdk-0.14.1/arm-zephyr-eabi/arm-zephyr-eabi/lib/thumb/v7e-m/nofp/libc_nano.a(lib_a-mprec.o)
                0x000000000000be18                __multiply
 .text.__pow5mult
                0x000000000000bf68       0xb4 /home/rt/zephyr-sdk-0.14.1/arm-zephyr-eabi/arm-zephyr-eabi/lib/thumb/v7e-m/nofp/libc_nano.a(lib_a-mprec.o)
                0x000000000000bf68                __pow5mult
 .text.__lshift
                0x000000000000c01c       0xe0 /home/rt/zephyr-sdk-0.14.1/arm-zephyr-eabi/arm-zephyr-eabi/lib/thumb/v7e-m/nofp/libc_nano.a(lib_a-mprec.o)
                0x000000000000c01c                __lshift
 .text.__mdiff  0x000000000000c0fc      0x110 /home/rt/zephyr-sdk-0.14.1/arm-zephyr-eabi/arm-zephyr-eabi/lib/thumb/v7e-m/nofp/libc_nano.a(lib_a-mprec.o)
                0x000000000000c0fc                __mdiff
 .text.__d2b    0x000000000000c20c       0xb8 /home/rt/zephyr-sdk-0.14.1/arm-zephyr-eabi/arm-zephyr-eabi/lib/thumb/v7e-m/nofp/libc_nano.a(lib_a-mprec.o)
                0x000000000000c20c                __d2b
 .text._vfprintf_r
                0x000000000000c2c4      0x260 /home/rt/zephyr-sdk-0.14.1/arm-zephyr-eabi/arm-zephyr-eabi/lib/thumb/v7e-m/nofp/libc_nano.a(lib_a-nano-vfprintf.o)
                0x000000000000c2c4                _vfiprintf_r
                0x000000000000c2c4                _vfprintf_r
 .text.__swbuf_r
                0x000000000000c524       0xa4 /home/rt/zephyr-sdk-0.14.1/arm-zephyr-eabi/arm-zephyr-eabi/lib/thumb/v7e-m/nofp/libc_nano.a(lib_a-wbuf.o)
                0x000000000000c524                __swbuf_r
 .text.__swsetup_r
                0x000000000000c5c8       0xdc /home/rt/zephyr-sdk-0.14.1/arm-zephyr-eabi/arm-zephyr-eabi/lib/thumb/v7e-m/nofp/libc_nano.a(lib_a-wsetup.o)
                0x000000000000c5c8                __swsetup_r
 .text.__assert_func
                0x000000000000c6a4       0x3c /home/rt/zephyr-sdk-0.14.1/arm-zephyr-eabi/arm-zephyr-eabi/lib/thumb/v7e-m/nofp/libc_nano.a(lib_a-assert.o)
                0x000000000000c6a4                __assert_func
 .text._close_r
                0x000000000000c6e0       0x20 /home/rt/zephyr-sdk-0.14.1/arm-zephyr-eabi/arm-zephyr-eabi/lib/thumb/v7e-m/nofp/libc_nano.a(lib_a-closer.o)
                0x000000000000c6e0                _close_r
 .text.fprintf  0x000000000000c700       0x24 /home/rt/zephyr-sdk-0.14.1/arm-zephyr-eabi/arm-zephyr-eabi/lib/thumb/v7e-m/nofp/libc_nano.a(lib_a-fprintf.o)
                0x000000000000c700                fprintf
                0x000000000000c700                fiprintf
 .text._lseek_r
                0x000000000000c724       0x24 /home/rt/zephyr-sdk-0.14.1/arm-zephyr-eabi/arm-zephyr-eabi/lib/thumb/v7e-m/nofp/libc_nano.a(lib_a-lseekr.o)
                0x000000000000c724                _lseek_r
 .text.__smakebuf_r
                0x000000000000c748       0x80 /home/rt/zephyr-sdk-0.14.1/arm-zephyr-eabi/arm-zephyr-eabi/lib/thumb/v7e-m/nofp/libc_nano.a(lib_a-makebuf.o)
                0x000000000000c748                __smakebuf_r
 .text._read_r  0x000000000000c7c8       0x24 /home/rt/zephyr-sdk-0.14.1/arm-zephyr-eabi/arm-zephyr-eabi/lib/thumb/v7e-m/nofp/libc_nano.a(lib_a-readr.o)
                0x000000000000c7c8                _read_r
 .text._fstat_r
                0x000000000000c7ec       0x24 /home/rt/zephyr-sdk-0.14.1/arm-zephyr-eabi/arm-zephyr-eabi/lib/thumb/v7e-m/nofp/libc_nano.a(lib_a-fstatr.o)
                0x000000000000c7ec                _fstat_r
 .text._isatty_r
                0x000000000000c810       0x20 /home/rt/zephyr-sdk-0.14.1/arm-zephyr-eabi/arm-zephyr-eabi/lib/thumb/v7e-m/nofp/libc_nano.a(lib_a-isattyr.o)
                0x000000000000c810                _isatty_r
 .text.raise    0x000000000000c830       0x10 /home/rt/zephyr-sdk-0.14.1/arm-zephyr-eabi/arm-zephyr-eabi/lib/thumb/v7e-m/nofp/libc_nano.a(lib_a-signal.o)
                0x000000000000c830                raise
 .text._kill_r  0x000000000000c840       0x24 /home/rt/zephyr-sdk-0.14.1/arm-zephyr-eabi/arm-zephyr-eabi/lib/thumb/v7e-m/nofp/libc_nano.a(lib_a-signalr.o)
                0x000000000000c840                _kill_r
 .text.nrf_cc3xx_platform_init_no_rng
                0x000000000000c864       0x38 /home/rt/ncs/nrfxlib/crypto/nrf_cc310_platform/lib/cortex-m4/soft-float/no-interrupts/libnrf_cc310_platform_0.9.14.a(nrf_cc3xx_platform.c.obj)
                0x000000000000c864                nrf_cc3xx_platform_init_no_rng
 .text.nrf_cc3xx_platform_abort
                0x000000000000c89c       0x24 /home/rt/ncs/nrfxlib/crypto/nrf_cc310_platform/lib/cortex-m4/soft-float/no-interrupts/libnrf_cc310_platform_0.9.14.a(nrf_cc3xx_platform_abort.c.obj)
 .text.CC_PalAbort
                0x000000000000c8c0       0x34 /home/rt/ncs/nrfxlib/crypto/nrf_cc310_platform/lib/cortex-m4/soft-float/no-interrupts/libnrf_cc310_platform_0.9.14.a(nrf_cc3xx_platform_abort.c.obj)
                0x000000000000c8c0                CC_PalAbort
 .text.nrf_cc3xx_platform_set_abort
                0x000000000000c8f4       0x10 /home/rt/ncs/nrfxlib/crypto/nrf_cc310_platform/lib/cortex-m4/soft-float/no-interrupts/libnrf_cc310_platform_0.9.14.a(nrf_cc3xx_platform_abort.c.obj)
                0x000000000000c8f4                nrf_cc3xx_platform_set_abort
 .text.mutex_free
                0x000000000000c904       0x28 /home/rt/ncs/nrfxlib/crypto/nrf_cc310_platform/lib/cortex-m4/soft-float/no-interrupts/libnrf_cc310_platform_0.9.14.a(nrf_cc3xx_platform_mutex.c.obj)
 .text.mutex_lock
                0x000000000000c92c       0x40 /home/rt/ncs/nrfxlib/crypto/nrf_cc310_platform/lib/cortex-m4/soft-float/no-interrupts/libnrf_cc310_platform_0.9.14.a(nrf_cc3xx_platform_mutex.c.obj)
 .text.mutex_unlock
                0x000000000000c96c       0x2c /home/rt/ncs/nrfxlib/crypto/nrf_cc310_platform/lib/cortex-m4/soft-float/no-interrupts/libnrf_cc310_platform_0.9.14.a(nrf_cc3xx_platform_mutex.c.obj)
 .text.mutex_init
                0x000000000000c998       0x1c /home/rt/ncs/nrfxlib/crypto/nrf_cc310_platform/lib/cortex-m4/soft-float/no-interrupts/libnrf_cc310_platform_0.9.14.a(nrf_cc3xx_platform_mutex.c.obj)
 .text.nrf_cc3xx_platform_set_mutexes
                0x000000000000c9b4       0x60 /home/rt/ncs/nrfxlib/crypto/nrf_cc310_platform/lib/cortex-m4/soft-float/no-interrupts/libnrf_cc310_platform_0.9.14.a(nrf_cc3xx_platform_mutex.c.obj)
                0x000000000000c9b4                nrf_cc3xx_platform_set_mutexes
 .text.CC_LibInitNoRng
                0x000000000000ca14       0x64 /home/rt/ncs/nrfxlib/crypto/nrf_cc310_platform/lib/cortex-m4/soft-float/no-interrupts/libnrf_cc310_platform_0.9.14.a(cc_lib.c.obj)
                0x000000000000ca14                CC_LibInitNoRng
 .text.CC_HalInit
                0x000000000000ca78        0x4 /home/rt/ncs/nrfxlib/crypto/nrf_cc310_platform/lib/cortex-m4/soft-float/no-interrupts/libnrf_cc310_platform_0.9.14.a(cc_hal.c.obj)
                0x000000000000ca78                CC_HalInit
 .text.CC_HalTerminate
                0x000000000000ca7c        0x4 /home/rt/ncs/nrfxlib/crypto/nrf_cc310_platform/lib/cortex-m4/soft-float/no-interrupts/libnrf_cc310_platform_0.9.14.a(cc_hal.c.obj)
                0x000000000000ca7c                CC_HalTerminate
 .text.CC_HalMaskInterrupt
                0x000000000000ca80        0xc /home/rt/ncs/nrfxlib/crypto/nrf_cc310_platform/lib/cortex-m4/soft-float/no-interrupts/libnrf_cc310_platform_0.9.14.a(cc_hal.c.obj)
                0x000000000000ca80                CC_HalMaskInterrupt
 .text.CC_PalInit
                0x000000000000ca8c       0x5c /home/rt/ncs/nrfxlib/crypto/nrf_cc310_platform/lib/cortex-m4/soft-float/no-interrupts/libnrf_cc310_platform_0.9.14.a(cc_pal.c.obj)
                0x000000000000ca8c                CC_PalInit
 .text.CC_PalTerminate
                0x000000000000cae8       0x34 /home/rt/ncs/nrfxlib/crypto/nrf_cc310_platform/lib/cortex-m4/soft-float/no-interrupts/libnrf_cc310_platform_0.9.14.a(cc_pal.c.obj)
                0x000000000000cae8                CC_PalTerminate
 .text.CC_PalDmaInit
                0x000000000000cb1c        0x4 /home/rt/ncs/nrfxlib/crypto/nrf_cc310_platform/lib/cortex-m4/soft-float/no-interrupts/libnrf_cc310_platform_0.9.14.a(cc_pal_dma.c.obj)
                0x000000000000cb1c                CC_PalDmaInit
 .text.CC_PalDmaTerminate
                0x000000000000cb20        0x4 /home/rt/ncs/nrfxlib/crypto/nrf_cc310_platform/lib/cortex-m4/soft-float/no-interrupts/libnrf_cc310_platform_0.9.14.a(cc_pal_dma.c.obj)
                0x000000000000cb20                CC_PalDmaTerminate
 .text.CC_PalMutexCreate
                0x000000000000cb24       0x14 /home/rt/ncs/nrfxlib/crypto/nrf_cc310_platform/lib/cortex-m4/soft-float/no-interrupts/libnrf_cc310_platform_0.9.14.a(cc_pal_mutex.c.obj)
                0x000000000000cb24                CC_PalMutexCreate
 .text.CC_PalMutexDestroy
                0x000000000000cb38       0x14 /home/rt/ncs/nrfxlib/crypto/nrf_cc310_platform/lib/cortex-m4/soft-float/no-interrupts/libnrf_cc310_platform_0.9.14.a(cc_pal_mutex.c.obj)
                0x000000000000cb38                CC_PalMutexDestroy
 .text.CC_PalPowerSaveModeInit
                0x000000000000cb4c       0x3c /home/rt/ncs/nrfxlib/crypto/nrf_cc310_platform/lib/cortex-m4/soft-float/no-interrupts/libnrf_cc310_platform_0.9.14.a(cc_pal_pm.c.obj)
                0x000000000000cb4c                CC_PalPowerSaveModeInit
 .text.CC_PalPowerSaveModeSelect
                0x000000000000cb88       0x88 /home/rt/ncs/nrfxlib/crypto/nrf_cc310_platform/lib/cortex-m4/soft-float/no-interrupts/libnrf_cc310_platform_0.9.14.a(cc_pal_pm.c.obj)
                0x000000000000cb88                CC_PalPowerSaveModeSelect
 .text._OffsetAbsSyms
                0x000000000000cc10        0x2 zephyr/CMakeFiles/offsets.dir/./arch/arm/core/offsets/offsets.c.obj
                0x000000000000cc10                _OffsetAbsSyms
 .text.k_msleep.constprop.0.isra.0
                0x000000000000cc12        0xa app/libapp.a(main.c.obj)
 .text.nearObstSearch
                0x000000000000cc1c       0x32 app/libapp.a(main.c.obj)
                0x000000000000cc1c                nearObstSearch
 .text.obstCount
                0x000000000000cc4e       0x30 app/libapp.a(main.c.obj)
                0x000000000000cc4e                obstCount
 .text.put_mes  0x000000000000cc7e       0x1c app/libapp.a(cab.c.obj)
                0x000000000000cc7e                put_mes
 .text.cbpprintf_external
                0x000000000000cc9a       0x5a zephyr/libzephyr.a(cbprintf_packaged.c.obj)
                0x000000000000cc9a                cbpprintf_external
 .text.sys_notify_validate
                0x000000000000ccf4       0x22 zephyr/libzephyr.a(notify.c.obj)
                0x000000000000ccf4                sys_notify_validate
 .text.arch_printk_char_out
                0x000000000000cd16        0x4 zephyr/libzephyr.a(printk.c.obj)
                0x000000000000cd16                arch_printk_char_out
 .text.vprintk  0x000000000000cd1a        0x4 zephyr/libzephyr.a(printk.c.obj)
                0x000000000000cd1a                vprintk
 .text.printk   0x000000000000cd1e       0x1a zephyr/libzephyr.a(printk.c.obj)
                0x000000000000cd1e                printk
 .text.process_recheck
                0x000000000000cd38       0x38 zephyr/libzephyr.a(onoff.c.obj)
 .text.notify_one
                0x000000000000cd70       0x2c zephyr/libzephyr.a(onoff.c.obj)
 .text.validate_args
                0x000000000000cd9c       0x1e zephyr/libzephyr.a(onoff.c.obj)
 .text.onoff_manager_init
                0x000000000000cdba       0x26 zephyr/libzephyr.a(onoff.c.obj)
                0x000000000000cdba                onoff_manager_init
 .text.z_thread_entry
                0x000000000000cde0       0x14 zephyr/libzephyr.a(thread_entry.c.obj)
                0x000000000000cde0                z_thread_entry
 .text.chunk_size
                0x000000000000cdf4        0xa zephyr/libzephyr.a(heap.c.obj)
 .text.free_list_add
                0x000000000000cdfe       0x4e zephyr/libzephyr.a(heap.c.obj)
 .text.outs     0x000000000000ce4c       0x2c zephyr/libzephyr.a(cbprintf_complete.c.obj)
 .text.assert_post_action
                0x000000000000ce78        0xe zephyr/libzephyr.a(assert.c.obj)
                0x000000000000ce78                assert_post_action
 .text.assert_print
                0x000000000000ce86       0x1a zephyr/libzephyr.a(assert.c.obj)
                0x000000000000ce86                assert_print
 .text._ConfigAbsSyms
                0x000000000000cea0        0x2 zephyr/libzephyr.a(configs.c.obj)
                0x000000000000cea0                _ConfigAbsSyms
 .text.log_backend_is_active
                0x000000000000cea2        0x6 zephyr/libzephyr.a(log_core.c.obj)
 .text.default_get_timestamp
                0x000000000000cea8        0x4 zephyr/libzephyr.a(log_core.c.obj)
 .text.dummy_timestamp
                0x000000000000ceac        0x4 zephyr/libzephyr.a(log_core.c.obj)
 .text.z_log_vprintk
                0x000000000000ceb0       0x1c zephyr/libzephyr.a(log_core.c.obj)
                0x000000000000ceb0                z_log_vprintk
 .text.enable_logger
                0x000000000000cecc        0xa zephyr/libzephyr.a(log_core.c.obj)
 .text.z_log_get_tag
                0x000000000000ced6        0x4 zephyr/libzephyr.a(log_core.c.obj)
                0x000000000000ced6                z_log_get_tag
 .text.out_func
                0x000000000000ceda       0x1c zephyr/libzephyr.a(log_output.c.obj)
 .text.cr_out_func
                0x000000000000cef6       0x1a zephyr/libzephyr.a(log_output.c.obj)
 .text.buffer_write
                0x000000000000cf10       0x1a zephyr/libzephyr.a(log_output.c.obj)
 .text.log_output_flush
                0x000000000000cf2a       0x1a zephyr/libzephyr.a(log_output.c.obj)
                0x000000000000cf2a                log_output_flush
 .text.z_log_msg2_finalize
                0x000000000000cf44       0x36 zephyr/libzephyr.a(log_msg2.c.obj)
                0x000000000000cf44                z_log_msg2_finalize
 .text.abort_function
                0x000000000000cf7a        0x8 zephyr/libzephyr.a(nrf_cc3xx_platform_abort_zephyr.c.obj)
 .text.z_log_msg2_runtime_create.constprop.0
                0x000000000000cf82       0x20 zephyr/arch/arch/arm/core/aarch32/libarch__arm__core__aarch32.a(fatal.c.obj)
 .text.z_do_kernel_oops
                0x000000000000cfa2        0x8 zephyr/arch/arch/arm/core/aarch32/libarch__arm__core__aarch32.a(fatal.c.obj)
                0x000000000000cfa2                z_do_kernel_oops
 .text.z_irq_spurious
                0x000000000000cfaa        0x8 zephyr/arch/arch/arm/core/aarch32/libarch__arm__core__aarch32.a(irq_manage.c.obj)
                0x000000000000cfaa                z_irq_spurious
 .text.z_arm_nmi
                0x000000000000cfb2        0xe zephyr/arch/arch/arm/core/aarch32/libarch__arm__core__aarch32.a(nmi.c.obj)
                0x000000000000cfb2                z_arm_nmi
 .text.z_log_msg2_runtime_create.constprop.0
                0x000000000000cfc0       0x20 zephyr/arch/arch/arm/core/aarch32/cortex_m/libarch__arm__core__aarch32__cortex_m.a(fault.c.obj)
 .text.arch_timing_cycles_get
                0x000000000000cfe0       0x12 zephyr/arch/arch/arm/core/aarch32/cortex_m/libarch__arm__core__aarch32__cortex_m.a(timing.c.obj)
                0x000000000000cfe0                arch_timing_cycles_get
 .text.arch_timing_cycles_to_ns
                0x000000000000cff2       0x20 zephyr/arch/arch/arm/core/aarch32/cortex_m/libarch__arm__core__aarch32__cortex_m.a(timing.c.obj)
                0x000000000000cff2                arch_timing_cycles_to_ns
 .text.z_log_msg2_runtime_create.constprop.0
                0x000000000000d012       0x20 zephyr/arch/arch/arm/core/aarch32/mpu/libarch__arm__core__aarch32__mpu.a(arm_mpu.c.obj)
 .text._stdout_hook_default
                0x000000000000d032        0x6 zephyr/lib/libc/newlib/liblib__libc__newlib.a(libc-hooks.c.obj)
 .text._stdin_hook_default
                0x000000000000d038        0x4 zephyr/lib/libc/newlib/liblib__libc__newlib.a(libc-hooks.c.obj)
 .text._read    0x000000000000d03c        0x8 zephyr/lib/libc/newlib/liblib__libc__newlib.a(libc-hooks.c.obj)
                0x000000000000d03c                read
                0x000000000000d03c                _read
 .text._write   0x000000000000d044        0x8 zephyr/lib/libc/newlib/liblib__libc__newlib.a(libc-hooks.c.obj)
                0x000000000000d044                write
                0x000000000000d044                _write
 .text._close   0x000000000000d04c        0x6 zephyr/lib/libc/newlib/liblib__libc__newlib.a(libc-hooks.c.obj)
                0x000000000000d04c                close
                0x000000000000d04c                _close
 .text._lseek   0x000000000000d052        0x4 zephyr/lib/libc/newlib/liblib__libc__newlib.a(libc-hooks.c.obj)
                0x000000000000d052                lseek
                0x000000000000d052                _lseek
 .text._isatty  0x000000000000d056        0xa zephyr/lib/libc/newlib/liblib__libc__newlib.a(libc-hooks.c.obj)
                0x000000000000d056                isatty
                0x000000000000d056                _isatty
 .text._kill    0x000000000000d060        0x4 zephyr/lib/libc/newlib/liblib__libc__newlib.a(libc-hooks.c.obj)
                0x000000000000d060                kill
                0x000000000000d060                _kill
 .text._getpid  0x000000000000d064        0x4 zephyr/lib/libc/newlib/liblib__libc__newlib.a(libc-hooks.c.obj)
                0x000000000000d064                _getpid
                0x000000000000d064                getpid
 .text._fstat   0x000000000000d068        0xa zephyr/lib/libc/newlib/liblib__libc__newlib.a(libc-hooks.c.obj)
                0x000000000000d068                _fstat
                0x000000000000d068                fstat
 .text.pm_state_set
                0x000000000000d072       0x18 zephyr/soc/arm/nordic_nrf/nrf52/libsoc__arm__nordic_nrf__nrf52.a(power.c.obj)
                0x000000000000d072                pm_state_set
 .text.pm_state_exit_post_ops
                0x000000000000d08a        0xc zephyr/soc/arm/nordic_nrf/nrf52/libsoc__arm__nordic_nrf__nrf52.a(power.c.obj)
                0x000000000000d08a                pm_state_exit_post_ops
 .text.z_log_msg2_runtime_create.constprop.0
                0x000000000000d096       0x20 zephyr/drivers/adc/libdrivers__adc.a(adc_nrfx_saadc.c.obj)
 .text.adc_context_on_timer_expired
                0x000000000000d0b6       0x2e zephyr/drivers/adc/libdrivers__adc.a(adc_nrfx_saadc.c.obj)
 .text.set_on_state
                0x000000000000d0e4       0x26 zephyr/drivers/clock_control/libdrivers__clock_control.a(clock_control_nrf.c.obj)
 .text.async_start
                0x000000000000d10a       0x60 zephyr/drivers/clock_control/libdrivers__clock_control.a(clock_control_nrf.c.obj)
 .text.api_start
                0x000000000000d16a        0xe zephyr/drivers/clock_control/libdrivers__clock_control.a(clock_control_nrf.c.obj)
 .text.onoff_started_callback
                0x000000000000d178        0xc zephyr/drivers/clock_control/libdrivers__clock_control.a(clock_control_nrf.c.obj)
 .text.lfclk_start
                0x000000000000d184        0x6 zephyr/drivers/clock_control/libdrivers__clock_control.a(clock_control_nrf.c.obj)
 .text.lfclk_stop
                0x000000000000d18a        0x6 zephyr/drivers/clock_control/libdrivers__clock_control.a(clock_control_nrf.c.obj)
 .text.api_stop
                0x000000000000d190        0x6 zephyr/drivers/clock_control/libdrivers__clock_control.a(clock_control_nrf.c.obj)
 .text.blocking_start_callback
                0x000000000000d196        0x6 zephyr/drivers/clock_control/libdrivers__clock_control.a(clock_control_nrf.c.obj)
 .text.gpio_nrfx_port_get_raw
                0x000000000000d19c        0xe zephyr/drivers/gpio/libdrivers__gpio.a(gpio_nrfx.c.obj)
 .text.gpio_nrfx_port_set_masked_raw
                0x000000000000d1aa       0x16 zephyr/drivers/gpio/libdrivers__gpio.a(gpio_nrfx.c.obj)
 .text.gpio_nrfx_port_set_bits_raw
                0x000000000000d1c0        0xc zephyr/drivers/gpio/libdrivers__gpio.a(gpio_nrfx.c.obj)
 .text.gpio_nrfx_port_clear_bits_raw
                0x000000000000d1cc        0xc zephyr/drivers/gpio/libdrivers__gpio.a(gpio_nrfx.c.obj)
 .text.gpio_nrfx_port_toggle_bits
                0x000000000000d1d8       0x12 zephyr/drivers/gpio/libdrivers__gpio.a(gpio_nrfx.c.obj)
 .text.uarte_nrfx_config_get
                0x000000000000d1ea       0x10 zephyr/drivers/serial/libdrivers__serial.a(uart_nrfx_uarte.c.obj)
 .text.uarte_nrfx_err_check
                0x000000000000d1fa        0xe zephyr/drivers/serial/libdrivers__serial.a(uart_nrfx_uarte.c.obj)
 .text.tx_start
                0x000000000000d208       0x4c zephyr/drivers/serial/libdrivers__serial.a(uart_nrfx_uarte.c.obj)
 .text.user_callback
                0x000000000000d254        0xe zephyr/drivers/serial/libdrivers__serial.a(uart_nrfx_uarte.c.obj)
 .text.notify_uart_rx_rdy
                0x000000000000d262       0x32 zephyr/drivers/serial/libdrivers__serial.a(uart_nrfx_uarte.c.obj)
 .text.rx_buf_release
                0x000000000000d294       0x30 zephyr/drivers/serial/libdrivers__serial.a(uart_nrfx_uarte.c.obj)
 .text.notify_rx_disable
                0x000000000000d2c4       0x22 zephyr/drivers/serial/libdrivers__serial.a(uart_nrfx_uarte.c.obj)
 .text.uarte_nrfx_rx_buf_rsp
                0x000000000000d2e6       0x50 zephyr/drivers/serial/libdrivers__serial.a(uart_nrfx_uarte.c.obj)
 .text.uarte_nrfx_callback_set
                0x000000000000d336       0x14 zephyr/drivers/serial/libdrivers__serial.a(uart_nrfx_uarte.c.obj)
 .text.uarte_nrfx_poll_in
                0x000000000000d34a       0x30 zephyr/drivers/serial/libdrivers__serial.a(uart_nrfx_uarte.c.obj)
 .text.uarte_nrfx_rx_disable
                0x000000000000d37a       0x42 zephyr/drivers/serial/libdrivers__serial.a(uart_nrfx_uarte.c.obj)
 .text.rx_flush.isra.0
                0x000000000000d3bc       0x6a zephyr/drivers/serial/libdrivers__serial.a(uart_nrfx_uarte.c.obj)
 .text.setup_tx_cache.isra.0
                0x000000000000d426       0x28 zephyr/drivers/serial/libdrivers__serial.a(uart_nrfx_uarte.c.obj)
 .text.async_uart_release
                0x000000000000d44e       0x4e zephyr/drivers/serial/libdrivers__serial.a(uart_nrfx_uarte.c.obj)
 .text.is_tx_ready.isra.0
                0x000000000000d49c       0x20 zephyr/drivers/serial/libdrivers__serial.a(uart_nrfx_uarte.c.obj)
 .text.start_tx_locked
                0x000000000000d4bc       0x32 zephyr/drivers/serial/libdrivers__serial.a(uart_nrfx_uarte.c.obj)
 .text.uarte_1_init
                0x000000000000d4ee       0x1e zephyr/drivers/serial/libdrivers__serial.a(uart_nrfx_uarte.c.obj)
 .text.uarte_0_init
                0x000000000000d50c       0x1e zephyr/drivers/serial/libdrivers__serial.a(uart_nrfx_uarte.c.obj)
 .text.rx_timeout
                0x000000000000d52a       0x92 zephyr/drivers/serial/libdrivers__serial.a(uart_nrfx_uarte.c.obj)
 .text.uarte_nrfx_tx_abort
                0x000000000000d5bc       0x28 zephyr/drivers/serial/libdrivers__serial.a(uart_nrfx_uarte.c.obj)
 .text.tx_timeout
                0x000000000000d5e4        0x8 zephyr/drivers/serial/libdrivers__serial.a(uart_nrfx_uarte.c.obj)
 .text.sys_clock_idle_exit
                0x000000000000d5ec        0x2 zephyr/drivers/timer/libdrivers__timer.a(sys_clock_init.c.obj)
                0x000000000000d5ec                sys_clock_idle_exit
 .text.sys_clock_cycle_get_32
                0x000000000000d5ee        0x8 zephyr/drivers/timer/libdrivers__timer.a(nrf_rtc_timer.c.obj)
                0x000000000000d5ee                sys_clock_cycle_get_32
 .text.pinctrl_lookup_state
                0x000000000000d5f6       0x30 zephyr/drivers/pinctrl/libdrivers__pinctrl.a(common.c.obj)
                0x000000000000d5f6                pinctrl_lookup_state
 .text.nrf_gpio_pin_clear
                0x000000000000d626       0x1a zephyr/drivers/pinctrl/libdrivers__pinctrl.a(pinctrl_nrf.c.obj)
 .text.nrf_gpio_pin_set
                0x000000000000d640       0x1a zephyr/drivers/pinctrl/libdrivers__pinctrl.a(pinctrl_nrf.c.obj)
 .text.nrf_gpio_pin_write
                0x000000000000d65a        0xa zephyr/drivers/pinctrl/libdrivers__pinctrl.a(pinctrl_nrf.c.obj)
 .text.nrf_pin_configure
                0x000000000000d664       0x40 zephyr/drivers/pinctrl/libdrivers__pinctrl.a(pinctrl_nrf.c.obj)
 .text.pinctrl_configure_pins
                0x000000000000d6a4      0x13e zephyr/drivers/pinctrl/libdrivers__pinctrl.a(pinctrl_nrf.c.obj)
                0x000000000000d6a4                pinctrl_configure_pins
 .text.hw_cc3xx_init_internal
                0x000000000000d7e2        0x4 modules/nrf/drivers/hw_cc310/lib..__nrf__drivers__hw_cc310.a(hw_cc310.c.obj)
 .text.hw_cc3xx_init
                0x000000000000d7e6       0x12 modules/nrf/drivers/hw_cc310/lib..__nrf__drivers__hw_cc310.a(hw_cc310.c.obj)
 .text.nrf52_errata_36
                0x000000000000d7f8       0x12 modules/hal_nordic/nrfx/libmodules__hal_nordic__nrfx.a(system_nrf52840.c.obj)
 .text.nrfx_isr
                0x000000000000d80a        0x2 modules/hal_nordic/nrfx/libmodules__hal_nordic__nrfx.a(nrfx_glue.c.obj)
                0x000000000000d80a                nrfx_isr
 .text.nrfx_busy_wait
                0x000000000000d80c        0x4 modules/hal_nordic/nrfx/libmodules__hal_nordic__nrfx.a(nrfx_glue.c.obj)
                0x000000000000d80c                nrfx_busy_wait
 .text.nrf_gpio_pin_present_check
                0x000000000000d810       0x22 modules/hal_nordic/nrfx/libmodules__hal_nordic__nrfx.a(nrfx_gpiote.c.obj)
 .text.pin_is_task_output
                0x000000000000d832       0x16 modules/hal_nordic/nrfx/libmodules__hal_nordic__nrfx.a(nrfx_gpiote.c.obj)
 .text.nrf_gpiote_in_event_get
                0x000000000000d848        0x8 modules/hal_nordic/nrfx/libmodules__hal_nordic__nrfx.a(nrfx_gpiote.c.obj)
 .text.nrf_gpio_reconfigure
                0x000000000000d850       0x96 modules/hal_nordic/nrfx/libmodules__hal_nordic__nrfx.a(nrfx_gpiote.c.obj)
 .text.nrf_gpio_cfg_sense_set
                0x000000000000d8e6       0x1e modules/hal_nordic/nrfx/libmodules__hal_nordic__nrfx.a(nrfx_gpiote.c.obj)
 .text.SEGGER_RTT_Init
                0x000000000000d904        0x4 modules/segger/libmodules__segger.a(SEGGER_RTT.c.obj)
                0x000000000000d904                SEGGER_RTT_Init
 .text.rtt_init
                0x000000000000d908        0xa modules/segger/libmodules__segger.a(SEGGER_RTT_zephyr.c.obj)
 .text.z_device_state_init
                0x000000000000d912        0x2 zephyr/kernel/libkernel.a(device.c.obj)
                0x000000000000d912                z_device_state_init
 .text.z_device_is_ready
                0x000000000000d914       0x14 zephyr/kernel/libkernel.a(device.c.obj)
                0x000000000000d914                z_device_is_ready
 .text.z_log_msg2_runtime_create.constprop.0
                0x000000000000d928       0x20 zephyr/kernel/libkernel.a(fatal.c.obj)
 .text.z_early_memset
                0x000000000000d948        0x4 zephyr/kernel/libkernel.a(init.c.obj)
                0x000000000000d948                z_early_memset
 .text.z_early_memcpy
                0x000000000000d94c        0x4 zephyr/kernel/libkernel.a(init.c.obj)
                0x000000000000d94c                z_early_memcpy
 .text.k_mem_slab_init
                0x000000000000d950       0x38 zephyr/kernel/libkernel.a(mem_slab.c.obj)
                0x000000000000d950                k_mem_slab_init
 .text.k_is_in_isr
                0x000000000000d988        0xc zephyr/kernel/libkernel.a(thread.c.obj)
                0x000000000000d988                k_is_in_isr
 .text.k_thread_name_get
                0x000000000000d994        0x4 zephyr/kernel/libkernel.a(thread.c.obj)
                0x000000000000d994                k_thread_name_get
 .text.z_pm_save_idle_exit
                0x000000000000d998        0xe zephyr/kernel/libkernel.a(idle.c.obj)
                0x000000000000d998                z_pm_save_idle_exit
 .text.adjust_owner_prio.isra.0
                0x000000000000d9a6       0x10 zephyr/kernel/libkernel.a(mutex.c.obj)
 .text.z_impl_k_mutex_init
                0x000000000000d9b6        0xe zephyr/kernel/libkernel.a(mutex.c.obj)
                0x000000000000d9b6                z_impl_k_mutex_init
 .text.z_reschedule_irqlock
                0x000000000000d9c4       0x18 zephyr/kernel/libkernel.a(sched.c.obj)
                0x000000000000d9c4                z_reschedule_irqlock
 .text.z_reschedule_unlocked
                0x000000000000d9dc       0x14 zephyr/kernel/libkernel.a(sched.c.obj)
 .text.z_priq_dumb_best
                0x000000000000d9f0        0xc zephyr/kernel/libkernel.a(sched.c.obj)
                0x000000000000d9f0                z_priq_dumb_best
 .text.sys_clock_tick_get_32
                0x000000000000d9fc        0x8 zephyr/kernel/libkernel.a(timeout.c.obj)
                0x000000000000d9fc                sys_clock_tick_get_32
 .text.z_impl_k_busy_wait
                0x000000000000da04        0x8 zephyr/kernel/libkernel.a(timeout.c.obj)
                0x000000000000da04                z_impl_k_busy_wait
 .text.k_timer_init
                0x000000000000da0c       0x18 zephyr/kernel/libkernel.a(timer.c.obj)
                0x000000000000da0c                k_timer_init
 .text.z_impl_k_timer_stop
                0x000000000000da24       0x3a zephyr/kernel/libkernel.a(timer.c.obj)
                0x000000000000da24                z_impl_k_timer_stop
 .text.k_heap_init
                0x000000000000da5e       0x10 zephyr/kernel/libkernel.a(kheap.c.obj)
                0x000000000000da5e                k_heap_init
 .text.atan2    0x000000000000da6e        0x4 /home/rt/zephyr-sdk-0.14.1/arm-zephyr-eabi/arm-zephyr-eabi/lib/thumb/v7e-m/nofp/libm_nano.a(lib_a-w_atan2.o)
                0x000000000000da6e                atan2
 .text.fabs     0x000000000000da72        0x6 /home/rt/zephyr-sdk-0.14.1/arm-zephyr-eabi/arm-zephyr-eabi/lib/thumb/v7e-m/nofp/libm_nano.a(lib_a-s_fabs.o)
                0x000000000000da72                fabs
 .text.memcpy   0x000000000000da78       0x1c /home/rt/zephyr-sdk-0.14.1/arm-zephyr-eabi/arm-zephyr-eabi/lib/thumb/v7e-m/nofp/libc_nano.a(lib_a-memcpy-stub.o)
                0x000000000000da78                memcpy
 .text.memset   0x000000000000da94       0x10 /home/rt/zephyr-sdk-0.14.1/arm-zephyr-eabi/arm-zephyr-eabi/lib/thumb/v7e-m/nofp/libc_nano.a(lib_a-memset.o)
                0x000000000000da94                memset
 .text.__cvt    0x000000000000daa4       0xc0 /home/rt/zephyr-sdk-0.14.1/arm-zephyr-eabi/arm-zephyr-eabi/lib/thumb/v7e-m/nofp/libc_nano.a(lib_a-nano-vfprintf_float.o)
                0x000000000000daa4                __cvt
 .text.__exponent
                0x000000000000db64       0x7c /home/rt/zephyr-sdk-0.14.1/arm-zephyr-eabi/arm-zephyr-eabi/lib/thumb/v7e-m/nofp/libc_nano.a(lib_a-nano-vfprintf_float.o)
                0x000000000000db64                __exponent
 .text._printf_common
                0x000000000000dbe0       0xda /home/rt/zephyr-sdk-0.14.1/arm-zephyr-eabi/arm-zephyr-eabi/lib/thumb/v7e-m/nofp/libc_nano.a(lib_a-nano-vfprintf_i.o)
                0x000000000000dbe0                _printf_common
 .text.strcpy   0x000000000000dcba       0x10 /home/rt/zephyr-sdk-0.14.1/arm-zephyr-eabi/arm-zephyr-eabi/lib/thumb/v7e-m/nofp/libc_nano.a(lib_a-strcpy.o)
                0x000000000000dcba                strcpy
 .text.strnlen  0x000000000000dcca       0x18 /home/rt/zephyr-sdk-0.14.1/arm-zephyr-eabi/arm-zephyr-eabi/lib/thumb/v7e-m/nofp/libc_nano.a(lib_a-strnlen.o)
                0x000000000000dcca                strnlen
 .text._user_strerror
                0x000000000000dce2        0x4 /home/rt/zephyr-sdk-0.14.1/arm-zephyr-eabi/arm-zephyr-eabi/lib/thumb/v7e-m/nofp/libc_nano.a(lib_a-u_strerr.o)
                0x000000000000dce2                _user_strerror
 .text.quorem   0x000000000000dce6      0x10e /home/rt/zephyr-sdk-0.14.1/arm-zephyr-eabi/arm-zephyr-eabi/lib/thumb/v7e-m/nofp/libc_nano.a(lib_a-dtoa.o)
 .text.__sfmoreglue
                0x000000000000ddf4       0x2c /home/rt/zephyr-sdk-0.14.1/arm-zephyr-eabi/arm-zephyr-eabi/lib/thumb/v7e-m/nofp/libc_nano.a(lib_a-findfp.o)
                0x000000000000ddf4                __sfmoreglue
 .text._fwalk_reent
                0x000000000000de20       0x3e /home/rt/zephyr-sdk-0.14.1/arm-zephyr-eabi/arm-zephyr-eabi/lib/thumb/v7e-m/nofp/libc_nano.a(lib_a-fwalk.o)
                0x000000000000de20                _fwalk_reent
 .text.__hi0bits
                0x000000000000de5e       0x40 /home/rt/zephyr-sdk-0.14.1/arm-zephyr-eabi/arm-zephyr-eabi/lib/thumb/v7e-m/nofp/libc_nano.a(lib_a-mprec.o)
                0x000000000000de5e                __hi0bits
 .text.__lo0bits